Archive member included to satisfy reference by file (symbol)

libbb/lib.a(appletlib.o)      /usr/lib/gcc/x86_64-pc-linux-gnu/12.2.0/../../../../lib/Scrt1.o (main)
libbb/lib.a(compare_string_array.o)
                              libbb/lib.a(appletlib.o) (is_prefixed_with)
libbb/lib.a(concat_path_file.o)
                              libbb/lib.a(appletlib.o) (concat_path_file)
libbb/lib.a(default_error_retval.o)
                              libbb/lib.a(appletlib.o) (xfunc_error_retval)
libbb/lib.a(get_last_path_component.o)
                              libbb/lib.a(appletlib.o) (bb_basename)
libbb/lib.a(last_char_is.o)   libbb/lib.a(concat_path_file.o) (last_char_is)
libbb/lib.a(messages.o)       libbb/lib.a(appletlib.o) (bb_busybox_exec_path)
libbb/lib.a(perror_msg.o)     libbb/lib.a(appletlib.o) (bb_simple_perror_msg)
libbb/lib.a(ptr_to_globals.o)
                              libbb/lib.a(appletlib.o) (bb_errno)
libbb/lib.a(verror_msg.o)     libbb/lib.a(perror_msg.o) (bb_verror_msg)
libbb/lib.a(xfunc_die.o)      libbb/lib.a(appletlib.o) (xfunc_die)
libbb/lib.a(xfuncs.o)         libbb/lib.a(appletlib.o) (full_write1_str)
libbb/lib.a(xfuncs_printf.o)  libbb/lib.a(verror_msg.o) (fflush_all)
libbb/lib.a(xreadlink.o)      libbb/lib.a(appletlib.o) (xmalloc_readlink)
libbb/lib.a(copyfd.o)         libbb/lib.a(xfuncs_printf.o) (bb_copyfd_eof)
libbb/lib.a(full_write.o)     libbb/lib.a(verror_msg.o) (full_write)
libbb/lib.a(read.o)           libbb/lib.a(copyfd.o) (safe_read)
libbb/lib.a(safe_write.o)     libbb/lib.a(full_write.o) (safe_write)
libbb/lib.a(signals.o)        libbb/lib.a(xfuncs_printf.o) (kill_myself_with_sig)
libbb/lib.a(time.o)           libbb/lib.a(xfuncs_printf.o) (monotonic_us)
libbb/lib.a(xgetcwd.o)        libbb/lib.a(xreadlink.o) (xrealloc_getcwd_or_warn)
libbb/lib.a(bb_strtonum.o)    libbb/lib.a(time.o) (bb_strtoll)
loginutils/lib.a(cryptpw.o)   libbb/lib.a(appletlib.o) (cryptpw_main)
miscutils/lib.a(ascii.o)      libbb/lib.a(appletlib.o) (ascii_main)
miscutils/lib.a(bc.o)         libbb/lib.a(appletlib.o) (bc_main)
miscutils/lib.a(hexedit.o)    libbb/lib.a(appletlib.o) (hexedit_main)
miscutils/lib.a(i2c_tools.o)  libbb/lib.a(appletlib.o) (i2ctransfer_main)
miscutils/lib.a(less.o)       libbb/lib.a(appletlib.o) (less_main)
miscutils/lib.a(lsscsi.o)     libbb/lib.a(appletlib.o) (lsscsi_main)
miscutils/lib.a(partprobe.o)  libbb/lib.a(appletlib.o) (partprobe_main)
miscutils/lib.a(setfattr.o)   libbb/lib.a(appletlib.o) (setfattr_main)
miscutils/lib.a(strings.o)    libbb/lib.a(appletlib.o) (strings_main)
miscutils/lib.a(ts.o)         libbb/lib.a(appletlib.o) (ts_main)
networking/lib.a(ifconfig.o)  libbb/lib.a(appletlib.o) (ifconfig_main)
networking/lib.a(interface.o)
                              networking/lib.a(ifconfig.o) (display_interfaces)
networking/lib.a(ip.o)        libbb/lib.a(appletlib.o) (ipaddr_main)
networking/lib.a(nc.o)        libbb/lib.a(appletlib.o) (nc_main)
networking/lib.a(netstat.o)   libbb/lib.a(appletlib.o) (netstat_main)
networking/lib.a(nslookup.o)  libbb/lib.a(appletlib.o) (nslookup_main)
networking/lib.a(ping.o)      libbb/lib.a(appletlib.o) (ping_main)
networking/lib.a(route.o)     networking/lib.a(netstat.o) (bb_displayroutes)
networking/lib.a(tcpudp.o)    libbb/lib.a(appletlib.o) (tcpudpsvd_main)
networking/lib.a(tcpudp_perhost.o)
                              networking/lib.a(tcpudp.o) (ipsvd_perhost_init)
networking/lib.a(telnet.o)    libbb/lib.a(appletlib.o) (telnet_main)
networking/lib.a(tftp.o)      libbb/lib.a(appletlib.o) (tftp_main)
networking/lib.a(wget.o)      libbb/lib.a(appletlib.o) (wget_main)
networking/lib.a(parse_pasv_epsv.o)
                              networking/lib.a(wget.o) (parse_pasv_epsv)
networking/lib.a(tls.o)       networking/lib.a(wget.o) (tls_handshake)
networking/lib.a(tls_aes.o)   networking/lib.a(tls.o) (aes_setkey)
networking/lib.a(tls_aesgcm.o)
                              networking/lib.a(tls.o) (aesgcm_GHASH)
networking/lib.a(tls_fe.o)    networking/lib.a(tls.o) (curve_x25519_compute_pubkey_and_premaster)
networking/lib.a(tls_pstm.o)  networking/lib.a(tls.o) (pstm_clear)
networking/lib.a(tls_pstm_montgomery_reduce.o)
                              networking/lib.a(tls_pstm.o) (pstm_montgomery_reduce)
networking/lib.a(tls_pstm_mul_comba.o)
                              networking/lib.a(tls_pstm.o) (pstm_mul_comba)
networking/lib.a(tls_pstm_sqr_comba.o)
                              networking/lib.a(tls_pstm.o) (pstm_sqr_comba)
networking/lib.a(tls_rsa.o)   networking/lib.a(tls.o) (psRsaEncryptPub)
networking/lib.a(tls_sp_c32.o)
                              networking/lib.a(tls.o) (curve_P256_compute_pubkey_and_premaster)
networking/libiproute/lib.a(ip_parse_common_args.o)
                              networking/lib.a(ip.o) (ip_parse_common_args)
networking/libiproute/lib.a(ipaddress.o)
                              networking/lib.a(ip.o) (do_ipaddr)
networking/libiproute/lib.a(iplink.o)
[...]
Memory Configuration

Name             Origin             Length             Attributes
*default*        0x0000000000000000 0xffffffffffffffff

Linker script and memory map

LOAD /usr/lib/gcc/x86_64-pc-linux-gnu/12.2.0/../../../../lib/Scrt1.o
LOAD /usr/lib/gcc/x86_64-pc-linux-gnu/12.2.0/../../../../lib/crti.o
LOAD /usr/lib/gcc/x86_64-pc-linux-gnu/12.2.0/crtbeginS.o
START GROUP
LOAD applets/built-in.o
LOAD archival/lib.a
LOAD archival/libarchive/lib.a
LOAD console-tools/lib.a
LOAD coreutils/lib.a
LOAD coreutils/libcoreutils/lib.a
LOAD debianutils/lib.a
LOAD klibc-utils/lib.a
LOAD e2fsprogs/lib.a
LOAD editors/lib.a
LOAD findutils/lib.a
LOAD init/lib.a
LOAD libbb/lib.a
LOAD libpwdgrp/lib.a
LOAD loginutils/lib.a
LOAD mailutils/lib.a
LOAD miscutils/lib.a
LOAD modutils/lib.a
LOAD networking/lib.a
LOAD networking/libiproute/lib.a
LOAD networking/udhcp/lib.a
LOAD printutils/lib.a
LOAD procps/lib.a
LOAD runit/lib.a
LOAD selinux/lib.a
LOAD shell/lib.a
LOAD sysklogd/lib.a
LOAD util-linux/lib.a
LOAD util-linux/volume_id/lib.a
LOAD archival/built-in.o
LOAD archival/libarchive/built-in.o
LOAD console-tools/built-in.o
LOAD coreutils/built-in.o
LOAD coreutils/libcoreutils/built-in.o
LOAD debianutils/built-in.o
LOAD klibc-utils/built-in.o
LOAD e2fsprogs/built-in.o
LOAD editors/built-in.o
LOAD findutils/built-in.o
LOAD init/built-in.o
LOAD libbb/built-in.o
LOAD libpwdgrp/built-in.o
LOAD loginutils/built-in.o
LOAD mailutils/built-in.o
LOAD miscutils/built-in.o
LOAD modutils/built-in.o
LOAD networking/built-in.o
LOAD networking/libiproute/built-in.o
LOAD networking/udhcp/built-in.o
LOAD printutils/built-in.o
LOAD procps/built-in.o
LOAD runit/built-in.o
LOAD selinux/built-in.o
LOAD shell/built-in.o
LOAD sysklogd/built-in.o
LOAD util-linux/built-in.o
LOAD util-linux/volume_id/built-in.o
END GROUP
START GROUP
LOAD /usr/lib/gcc/x86_64-pc-linux-gnu/12.2.0/../../../../lib/libcrypt.so
END GROUP
LOAD /usr/lib/gcc/x86_64-pc-linux-gnu/12.2.0/libgcc.a
LOAD /usr/lib/gcc/x86_64-pc-linux-gnu/12.2.0/../../../../lib/libgcc_s.so
START GROUP
LOAD /usr/lib/gcc/x86_64-pc-linux-gnu/12.2.0/../../../../lib/libgcc_s.so.1
LOAD /usr/lib/gcc/x86_64-pc-linux-gnu/12.2.0/libgcc.a
END GROUP
LOAD /usr/lib/gcc/x86_64-pc-linux-gnu/12.2.0/../../../../lib/libc.so
START GROUP
LOAD /usr/lib/libc.so.6
LOAD /usr/lib/libc_nonshared.a
LOAD /usr/lib/ld-linux-x86-64.so.2
END GROUP
LOAD /usr/lib/gcc/x86_64-pc-linux-gnu/12.2.0/libgcc.a
LOAD /usr/lib/gcc/x86_64-pc-linux-gnu/12.2.0/../../../../lib/libgcc_s.so
START GROUP
LOAD /usr/lib/gcc/x86_64-pc-linux-gnu/12.2.0/../../../../lib/libgcc_s.so.1
LOAD /usr/lib/gcc/x86_64-pc-linux-gnu/12.2.0/libgcc.a
END GROUP
LOAD /usr/lib/gcc/x86_64-pc-linux-gnu/12.2.0/crtendS.o
LOAD /usr/lib/gcc/x86_64-pc-linux-gnu/12.2.0/../../../../lib/crtn.o
                [!provide]                        PROVIDE (__executable_start = SEGMENT_START ("text-segment", 0x0))
                0x0000000000000318                . = (SEGMENT_START ("text-segment", 0x0) + SIZEOF_HEADERS)

.interp         0x0000000000000318       0x1c
 *(SORT_BY_ALIGNMENT(.interp))
 .interp        0x0000000000000318       0x1c /usr/lib/gcc/x86_64-pc-linux-gnu/12.2.0/../../../../lib/Scrt1.o

.note.gnu.property
                0x0000000000000338       0x40
 .note.gnu.property
                0x0000000000000338       0x40 /usr/lib/gcc/x86_64-pc-linux-gnu/12.2.0/../../../../lib/Scrt1.o

.note.gnu.build-id
                0x0000000000000378       0x24
 *(SORT_BY_ALIGNMENT(.note.gnu.build-id))
 .note.gnu.build-id
                0x0000000000000378       0x24 /usr/lib/gcc/x86_64-pc-linux-gnu/12.2.0/../../../../lib/Scrt1.o

.note.ABI-tag   0x000000000000039c       0x20
 .note.ABI-tag  0x000000000000039c       0x20 /usr/lib/gcc/x86_64-pc-linux-gnu/12.2.0/../../../../lib/Scrt1.o

.hash
 *(SORT_BY_ALIGNMENT(.hash))

.gnu.hash       0x00000000000003c0       0x68
 *(SORT_BY_ALIGNMENT(.gnu.hash))
 .gnu.hash      0x00000000000003c0       0x68 /usr/lib/gcc/x86_64-pc-linux-gnu/12.2.0/../../../../lib/Scrt1.o

.dynsym         0x0000000000000428     0x1bf0
 *(SORT_BY_ALIGNMENT(.dynsym))
 .dynsym        0x0000000000000428     0x1bf0 /usr/lib/gcc/x86_64-pc-linux-gnu/12.2.0/../../../../lib/Scrt1.o

.dynstr         0x0000000000002018      0xa5e
 *(SORT_BY_ALIGNMENT(.dynstr))
 .dynstr        0x0000000000002018      0xa5e /usr/lib/gcc/x86_64-pc-linux-gnu/12.2.0/../../../../lib/Scrt1.o

.gnu.version    0x0000000000002a76      0x254
 *(SORT_BY_ALIGNMENT(.gnu.version))
 .gnu.version   0x0000000000002a76      0x254 /usr/lib/gcc/x86_64-pc-linux-gnu/12.2.0/../../../../lib/Scrt1.o

.gnu.version_d  0x0000000000002cd0        0x0
 *(SORT_BY_ALIGNMENT(.gnu.version_d))
 .gnu.version_d
                0x0000000000002cd0        0x0 /usr/lib/gcc/x86_64-pc-linux-gnu/12.2.0/../../../../lib/Scrt1.o

.gnu.version_r  0x0000000000002cd0      0x100
 *(SORT_BY_ALIGNMENT(.gnu.version_r))
 .gnu.version_r
                0x0000000000002cd0      0x100 /usr/lib/gcc/x86_64-pc-linux-gnu/12.2.0/../../../../lib/Scrt1.o

.rela.dyn       0x0000000000002dd0     0x2f88
 *(SORT_BY_ALIGNMENT(.rela.init))
 *(SORT_BY_ALIGNMENT(.rela.text) SORT_BY_ALIGNMENT(.rela.text.*) SORT_BY_ALIGNMENT(.rela.gnu.linkonce.t.*))
 .rela.text.die_if_ferror_stdout
                0x0000000000002dd0        0x0 /usr/lib/gcc/x86_64-pc-linux-gnu/12.2.0/../../../../lib/Scrt1.o
 .rela.text.fputs_stdout
                0x0000000000002dd0        0x0 /usr/lib/gcc/x86_64-pc-linux-gnu/12.2.0/../../../../lib/Scrt1.o
 .rela.text.cryptpw_main
                0x0000000000002dd0        0x0 /usr/lib/gcc/x86_64-pc-linux-gnu/12.2.0/../../../../lib/Scrt1.o
 .rela.text.bc_args
                0x0000000000002dd0        0x0 /usr/lib/gcc/x86_64-pc-linux-gnu/12.2.0/../../../../lib/Scrt1.o
 .rela.text.fflush_and_check
                0x0000000000002dd0        0x0 /usr/lib/gcc/x86_64-pc-linux-gnu/12.2.0/../../../../lib/Scrt1.o
 .rela.text.quit
                0x0000000000002dd0        0x0 /usr/lib/gcc/x86_64-pc-linux-gnu/12.2.0/../../../../lib/Scrt1.o
 .rela.text.xc_read_line
                0x0000000000002dd0        0x0 /usr/lib/gcc/x86_64-pc-linux-gnu/12.2.0/../../../../lib/Scrt1.o
 .rela.text.zxc_vm_process
                0x0000000000002dd0        0x0 /usr/lib/gcc/x86_64-pc-linux-gnu/12.2.0/../../../../lib/Scrt1.o
 .rela.text.zxc_vm_execute_FILE
                0x0000000000002dd0        0x0 /usr/lib/gcc/x86_64-pc-linux-gnu/12.2.0/../../../../lib/Scrt1.o
 .rela.text.bc_main
                0x0000000000002dd0        0x0 /usr/lib/gcc/x86_64-pc-linux-gnu/12.2.0/../../../../lib/Scrt1.o
 .rela.text.hexedit_main
                0x0000000000002dd0        0x0 /usr/lib/gcc/x86_64-pc-linux-gnu/12.2.0/../../../../lib/Scrt1.o
 .rela.text.i2ctransfer_main
                0x0000000000002dd0        0x0 /usr/lib/gcc/x86_64-pc-linux-gnu/12.2.0/../../../../lib/Scrt1.o
 .rela.text.less_main
                0x0000000000002dd0        0x0 /usr/lib/gcc/x86_64-pc-linux-gnu/12.2.0/../../../../lib/Scrt1.o
 .rela.text.partprobe_main
                0x0000000000002dd0        0x0 /usr/lib/gcc/x86_64-pc-linux-gnu/12.2.0/../../../../lib/Scrt1.o
 .rela.text.setfattr_main
                0x0000000000002dd0        0x0 /usr/lib/gcc/x86_64-pc-linux-gnu/12.2.0/../../../../lib/Scrt1.o
 .rela.text.strings_main
                0x0000000000002dd0        0x0 /usr/lib/gcc/x86_64-pc-linux-gnu/12.2.0/../../../../lib/Scrt1.o
 .rela.text.ts_main
                0x0000000000002dd0        0x0 /usr/lib/gcc/x86_64-pc-linux-gnu/12.2.0/../../../../lib/Scrt1.o
 .rela.text.nc_main
                0x0000000000002dd0        0x0 /usr/lib/gcc/x86_64-pc-linux-gnu/12.2.0/../../../../lib/Scrt1.o
 .rela.text.unix_do_one
                0x0000000000002dd0        0x0 /usr/lib/gcc/x86_64-pc-linux-gnu/12.2.0/../../../../lib/Scrt1.o
 .rela.text.common_ping_main.isra.0
                0x0000000000002dd0        0x0 /usr/lib/gcc/x86_64-pc-linux-gnu/12.2.0/../../../../lib/Scrt1.o
 .rela.text.route_main
                0x0000000000002dd0        0x0 /usr/lib/gcc/x86_64-pc-linux-gnu/12.2.0/../../../../lib/Scrt1.o
 .rela.text.tcpudpsvd_main
                0x0000000000002dd0        0x0 /usr/lib/gcc/x86_64-pc-linux-gnu/12.2.0/../../../../lib/Scrt1.o
 .rela.text.tftp_main
                0x0000000000002dd0        0x0 /usr/lib/gcc/x86_64-pc-linux-gnu/12.2.0/../../../../lib/Scrt1.o
 .rela.text.fgets_trim_sanitize
                0x0000000000002dd0        0x0 /usr/lib/gcc/x86_64-pc-linux-gnu/12.2.0/../../../../lib/Scrt1.o
 .rela.text.retrieve_file_data
                0x0000000000002dd0        0x0 /usr/lib/gcc/x86_64-pc-linux-gnu/12.2.0/../../../../lib/Scrt1.o
 .rela.text.ftpcmd
                0x0000000000002dd0        0x0 /usr/lib/gcc/x86_64-pc-linux-gnu/12.2.0/../../../../lib/Scrt1.o
 .rela.text.wget_main
                0x0000000000002dd0        0x0 /usr/lib/gcc/x86_64-pc-linux-gnu/12.2.0/../../../../lib/Scrt1.o
 .rela.text.bad_record_die
                0x0000000000002dd0        0x0 /usr/lib/gcc/x86_64-pc-linux-gnu/12.2.0/../../../../lib/Scrt1.o
 .rela.text.ipaddr_modify
                0x0000000000002dd0        0x0 /usr/lib/gcc/x86_64-pc-linux-gnu/12.2.0/../../../../lib/Scrt1.o
 .rela.text.print_route
                0x0000000000002dd0        0x0 /usr/lib/gcc/x86_64-pc-linux-gnu/12.2.0/../../../../lib/Scrt1.o
 .rela.text.pgrep_main
                0x0000000000002dd0        0x0 /usr/lib/gcc/x86_64-pc-linux-gnu/12.2.0/../../../../lib/Scrt1.o
 .rela.text.pidof_main
                0x0000000000002dd0        0x0 /usr/lib/gcc/x86_64-pc-linux-gnu/12.2.0/../../../../lib/Scrt1.o
 .rela.text.out2str
                0x0000000000002dd0        0x0 /usr/lib/gcc/x86_64-pc-linux-gnu/12.2.0/../../../../lib/Scrt1.o
 .rela.text.ash_vmsg
                0x0000000000002dd0        0x0 /usr/lib/gcc/x86_64-pc-linux-gnu/12.2.0/../../../../lib/Scrt1.o
 .rela.text.unaliascmd
                0x0000000000002dd0        0x0 /usr/lib/gcc/x86_64-pc-linux-gnu/12.2.0/../../../../lib/Scrt1.o
 .rela.text.aliascmd
                0x0000000000002dd0        0x0 /usr/lib/gcc/x86_64-pc-linux-gnu/12.2.0/../../../../lib/Scrt1.o
 .rela.text.showjob
                0x0000000000002dd0        0x0 /usr/lib/gcc/x86_64-pc-linux-gnu/12.2.0/../../../../lib/Scrt1.o
 .rela.text.helpcmd
                0x0000000000002dd0        0x0 /usr/lib/gcc/x86_64-pc-linux-gnu/12.2.0/../../../../lib/Scrt1.o
 .rela.text.out1str
                0x0000000000002dd0        0x0 /usr/lib/gcc/x86_64-pc-linux-gnu/12.2.0/../../../../lib/Scrt1.o
 .rela.text.fg_bgcmd
                0x0000000000002dd0        0x0 /usr/lib/gcc/x86_64-pc-linux-gnu/12.2.0/../../../../lib/Scrt1.o
 .rela.text.getoptscmd
                0x0000000000002dd0        0x0 /usr/lib/gcc/x86_64-pc-linux-gnu/12.2.0/../../../../lib/Scrt1.o
 .rela.text.init
                0x0000000000002dd0        0x0 /usr/lib/gcc/x86_64-pc-linux-gnu/12.2.0/../../../../lib/Scrt1.o
 .rela.text.evalbltin
                0x0000000000002dd0        0x0 /usr/lib/gcc/x86_64-pc-linux-gnu/12.2.0/../../../../lib/Scrt1.o
 .rela.text.cmdloop
                0x0000000000002dd0        0x0 /usr/lib/gcc/x86_64-pc-linux-gnu/12.2.0/../../../../lib/Scrt1.o
 .rela.text.ash_main
                0x0000000000002dd0        0x0 /usr/lib/gcc/x86_64-pc-linux-gnu/12.2.0/../../../../lib/Scrt1.o
 .rela.text.shell_builtin_read
                0x0000000000002dd0        0x0 /usr/lib/gcc/x86_64-pc-linux-gnu/12.2.0/../../../../lib/Scrt1.o
 .rela.text.shell_builtin_ulimit
                0x0000000000002dd0        0x0 /usr/lib/gcc/x86_64-pc-linux-gnu/12.2.0/../../../../lib/Scrt1.o
 .rela.text.blkdiscard_main
                0x0000000000002dd0        0x0 /usr/lib/gcc/x86_64-pc-linux-gnu/12.2.0/../../../../lib/Scrt1.o
 .rela.text.fallocate_main
                0x0000000000002dd0        0x0 /usr/lib/gcc/x86_64-pc-linux-gnu/12.2.0/../../../../lib/Scrt1.o
 .rela.text.fsfreeze_main
                0x0000000000002dd0        0x0 /usr/lib/gcc/x86_64-pc-linux-gnu/12.2.0/../../../../lib/Scrt1.o
 .rela.text.fstrim_main
                0x0000000000002dd0        0x0 /usr/lib/gcc/x86_64-pc-linux-gnu/12.2.0/../../../../lib/Scrt1.o
 .rela.text.generate_output
                0x0000000000002dd0        0x0 /usr/lib/gcc/x86_64-pc-linux-gnu/12.2.0/../../../../lib/Scrt1.o
 .rela.text.getopt_main
                0x0000000000002dd0        0x0 /usr/lib/gcc/x86_64-pc-linux-gnu/12.2.0/../../../../lib/Scrt1.o
 .rela.text.hexdump_main
                0x0000000000002dd0        0x0 /usr/lib/gcc/x86_64-pc-linux-gnu/12.2.0/../../../../lib/Scrt1.o
 .rela.text.xxd_main
                0x0000000000002dd0        0x0 /usr/lib/gcc/x86_64-pc-linux-gnu/12.2.0/../../../../lib/Scrt1.o
 .rela.text.losetup_main
                0x0000000000002dd0        0x0 /usr/lib/gcc/x86_64-pc-linux-gnu/12.2.0/../../../../lib/Scrt1.o
 .rela.text.mountpoint_main
                0x0000000000002dd0        0x0 /usr/lib/gcc/x86_64-pc-linux-gnu/12.2.0/../../../../lib/Scrt1.o
 .rela.text.nsenter_main
                0x0000000000002dd0        0x0 /usr/lib/gcc/x86_64-pc-linux-gnu/12.2.0/../../../../lib/Scrt1.o
 .rela.text.switch_root_main
                0x0000000000002dd0        0x0 /usr/lib/gcc/x86_64-pc-linux-gnu/12.2.0/../../../../lib/Scrt1.o
 .rela.text.umount_main
                0x0000000000002dd0        0x0 /usr/lib/gcc/x86_64-pc-linux-gnu/12.2.0/../../../../lib/Scrt1.o
 .rela.text.unshare_main
                0x0000000000002dd0        0x0 /usr/lib/gcc/x86_64-pc-linux-gnu/12.2.0/../../../../lib/Scrt1.o
 .rela.text.gunzip_main
                0x0000000000002dd0        0x0 /usr/lib/gcc/x86_64-pc-linux-gnu/12.2.0/../../../../lib/Scrt1.o
 .rela.text.bunzip2_main
                0x0000000000002dd0        0x0 /usr/lib/gcc/x86_64-pc-linux-gnu/12.2.0/../../../../lib/Scrt1.o
 .rela.text.unxz_main
                0x0000000000002dd0        0x0 /usr/lib/gcc/x86_64-pc-linux-gnu/12.2.0/../../../../lib/Scrt1.o
 .rela.text.bzip2_main
                0x0000000000002dd0        0x0 /usr/lib/gcc/x86_64-pc-linux-gnu/12.2.0/../../../../lib/Scrt1.o
 .rela.text.cpio_o
                0x0000000000002dd0        0x0 /usr/lib/gcc/x86_64-pc-linux-gnu/12.2.0/../../../../lib/Scrt1.o
 .rela.text.cpio_main
                0x0000000000002dd0        0x0 /usr/lib/gcc/x86_64-pc-linux-gnu/12.2.0/../../../../lib/Scrt1.o
 .rela.text.gzip_main
                0x0000000000002dd0        0x0 /usr/lib/gcc/x86_64-pc-linux-gnu/12.2.0/../../../../lib/Scrt1.o
 .rela.text.lzop_main
                0x0000000000002dd0        0x0 /usr/lib/gcc/x86_64-pc-linux-gnu/12.2.0/../../../../lib/Scrt1.o
 .rela.text.writeTarHeader
                0x0000000000002dd0        0x0 /usr/lib/gcc/x86_64-pc-linux-gnu/12.2.0/../../../../lib/Scrt1.o
 .rela.text.tar_main
                0x0000000000002dd0        0x0 /usr/lib/gcc/x86_64-pc-linux-gnu/12.2.0/../../../../lib/Scrt1.o
 .rela.text.my_fgets80
                0x0000000000002dd0        0x0 /usr/lib/gcc/x86_64-pc-linux-gnu/12.2.0/../../../../lib/Scrt1.o
 .rela.text.unzip_main
                0x0000000000002dd0        0x0 /usr/lib/gcc/x86_64-pc-linux-gnu/12.2.0/../../../../lib/Scrt1.o
 .rela.text.setfont_main
                0x0000000000002dd0        0x0 /usr/lib/gcc/x86_64-pc-linux-gnu/12.2.0/../../../../lib/Scrt1.o
 .rela.text.openvt_main
                0x0000000000002dd0        0x0 /usr/lib/gcc/x86_64-pc-linux-gnu/12.2.0/../../../../lib/Scrt1.o
 .rela.text.basename_main
                0x0000000000002dd0        0x0 /usr/lib/gcc/x86_64-pc-linux-gnu/12.2.0/../../../../lib/Scrt1.o
 .rela.text.cat_main
                0x0000000000002dd0        0x0 /usr/lib/gcc/x86_64-pc-linux-gnu/12.2.0/../../../../lib/Scrt1.o
 .rela.text.chmod_main
                0x0000000000002dd0        0x0 /usr/lib/gcc/x86_64-pc-linux-gnu/12.2.0/../../../../lib/Scrt1.o
 .rela.text.chown_main
                0x0000000000002dd0        0x0 /usr/lib/gcc/x86_64-pc-linux-gnu/12.2.0/../../../../lib/Scrt1.o
 .rela.text.cp_main
                0x0000000000002dd0        0x0 /usr/lib/gcc/x86_64-pc-linux-gnu/12.2.0/../../../../lib/Scrt1.o
 .rela.text.cut_main
                0x0000000000002dd0        0x0 /usr/lib/gcc/x86_64-pc-linux-gnu/12.2.0/../../../../lib/Scrt1.o
 .rela.text.dd_output_status
                0x0000000000002dd0        0x0 /usr/lib/gcc/x86_64-pc-linux-gnu/12.2.0/../../../../lib/Scrt1.o
 .rela.text.df_main
                0x0000000000002dd0        0x0 /usr/lib/gcc/x86_64-pc-linux-gnu/12.2.0/../../../../lib/Scrt1.o
 .rela.text.du_main
                0x0000000000002dd0        0x0 /usr/lib/gcc/x86_64-pc-linux-gnu/12.2.0/../../../../lib/Scrt1.o
 .rela.text.env_main
                0x0000000000002dd0        0x0 /usr/lib/gcc/x86_64-pc-linux-gnu/12.2.0/../../../../lib/Scrt1.o
 .rela.text.head_main
                0x0000000000002dd0        0x0 /usr/lib/gcc/x86_64-pc-linux-gnu/12.2.0/../../../../lib/Scrt1.o
 .rela.text.install_main
                0x0000000000002dd0        0x0 /usr/lib/gcc/x86_64-pc-linux-gnu/12.2.0/../../../../lib/Scrt1.o
 .rela.text.link_main
                0x0000000000002dd0        0x0 /usr/lib/gcc/x86_64-pc-linux-gnu/12.2.0/../../../../lib/Scrt1.o
 .rela.text.ln_main
                0x0000000000002dd0        0x0 /usr/lib/gcc/x86_64-pc-linux-gnu/12.2.0/../../../../lib/Scrt1.o
 .rela.text.ls_main
                0x0000000000002dd0        0x0 /usr/lib/gcc/x86_64-pc-linux-gnu/12.2.0/../../../../lib/Scrt1.o
 .rela.text.md5_sha1_sum_main
                0x0000000000002dd0        0x0 /usr/lib/gcc/x86_64-pc-linux-gnu/12.2.0/../../../../lib/Scrt1.o
 .rela.text.mkdir_main
                0x0000000000002dd0        0x0 /usr/lib/gcc/x86_64-pc-linux-gnu/12.2.0/../../../../lib/Scrt1.o
 .rela.text.mkfifo_main
                0x0000000000002dd0        0x0 /usr/lib/gcc/x86_64-pc-linux-gnu/12.2.0/../../../../lib/Scrt1.o
 .rela.text.mknod_main
                0x0000000000002dd0        0x0 /usr/lib/gcc/x86_64-pc-linux-gnu/12.2.0/../../../../lib/Scrt1.o
 .rela.text.mktemp_main
                0x0000000000002dd0        0x0 /usr/lib/gcc/x86_64-pc-linux-gnu/12.2.0/../../../../lib/Scrt1.o
 .rela.text.mv_main
                0x0000000000002dd0        0x0 /usr/lib/gcc/x86_64-pc-linux-gnu/12.2.0/../../../../lib/Scrt1.o
 .rela.text.paste_main
                0x0000000000002dd0        0x0 /usr/lib/gcc/x86_64-pc-linux-gnu/12.2.0/../../../../lib/Scrt1.o
 .rela.text.readlink_main
                0x0000000000002dd0        0x0 /usr/lib/gcc/x86_64-pc-linux-gnu/12.2.0/../../../../lib/Scrt1.o
 .rela.text.rm_main
                0x0000000000002dd0        0x0 /usr/lib/gcc/x86_64-pc-linux-gnu/12.2.0/../../../../lib/Scrt1.o
 .rela.text.rmdir_main
                0x0000000000002dd0        0x0 /usr/lib/gcc/x86_64-pc-linux-gnu/12.2.0/../../../../lib/Scrt1.o
 .rela.text.seq_main
                0x0000000000002dd0        0x0 /usr/lib/gcc/x86_64-pc-linux-gnu/12.2.0/../../../../lib/Scrt1.o
 .rela.text.shuf_main
                0x0000000000002dd0        0x0 /usr/lib/gcc/x86_64-pc-linux-gnu/12.2.0/../../../../lib/Scrt1.o
 .rela.text.sort_main
                0x0000000000002dd0        0x0 /usr/lib/gcc/x86_64-pc-linux-gnu/12.2.0/../../../../lib/Scrt1.o
 .rela.text.stat_main
                0x0000000000002dd0        0x0 /usr/lib/gcc/x86_64-pc-linux-gnu/12.2.0/../../../../lib/Scrt1.o
 .rela.text.sync_main
                0x0000000000002dd0        0x0 /usr/lib/gcc/x86_64-pc-linux-gnu/12.2.0/../../../../lib/Scrt1.o
 .rela.text.fsync_main
                0x0000000000002dd0        0x0 /usr/lib/gcc/x86_64-pc-linux-gnu/12.2.0/../../../../lib/Scrt1.o
 .rela.text.tail_main
                0x0000000000002dd0        0x0 /usr/lib/gcc/x86_64-pc-linux-gnu/12.2.0/../../../../lib/Scrt1.o
 .rela.text.tee_main
                0x0000000000002dd0        0x0 /usr/lib/gcc/x86_64-pc-linux-gnu/12.2.0/../../../../lib/Scrt1.o
 .rela.text.touch_main
                0x0000000000002dd0        0x0 /usr/lib/gcc/x86_64-pc-linux-gnu/12.2.0/../../../../lib/Scrt1.o
 .rela.text.tr_main
                0x0000000000002dd0        0x0 /usr/lib/gcc/x86_64-pc-linux-gnu/12.2.0/../../../../lib/Scrt1.o
 .rela.text.truncate_main
                0x0000000000002dd0        0x0 /usr/lib/gcc/x86_64-pc-linux-gnu/12.2.0/../../../../lib/Scrt1.o
 .rela.text.uname_main
                0x0000000000002dd0        0x0 /usr/lib/gcc/x86_64-pc-linux-gnu/12.2.0/../../../../lib/Scrt1.o
 .rela.text.uniq_main
                0x0000000000002dd0        0x0 /usr/lib/gcc/x86_64-pc-linux-gnu/12.2.0/../../../../lib/Scrt1.o
 .rela.text.unlink_main
                0x0000000000002dd0        0x0 /usr/lib/gcc/x86_64-pc-linux-gnu/12.2.0/../../../../lib/Scrt1.o
 .rela.text.baseNUM_main
                0x0000000000002dd0        0x0 /usr/lib/gcc/x86_64-pc-linux-gnu/12.2.0/../../../../lib/Scrt1.o
 .rela.text.wc_main
                0x0000000000002dd0        0x0 /usr/lib/gcc/x86_64-pc-linux-gnu/12.2.0/../../../../lib/Scrt1.o
 .rela.text.which_main
                0x0000000000002dd0        0x0 /usr/lib/gcc/x86_64-pc-linux-gnu/12.2.0/../../../../lib/Scrt1.o
 .rela.text.next_input_file
                0x0000000000002dd0        0x0 /usr/lib/gcc/x86_64-pc-linux-gnu/12.2.0/../../../../lib/Scrt1.o
 .rela.text.evaluate
                0x0000000000002dd0        0x0 /usr/lib/gcc/x86_64-pc-linux-gnu/12.2.0/../../../../lib/Scrt1.o
 .rela.text.awk_main
                0x0000000000002dd0        0x0 /usr/lib/gcc/x86_64-pc-linux-gnu/12.2.0/../../../../lib/Scrt1.o
 .rela.text.get_next_line
                0x0000000000002dd0        0x0 /usr/lib/gcc/x86_64-pc-linux-gnu/12.2.0/../../../../lib/Scrt1.o
 .rela.text.sed_main
                0x0000000000002dd0        0x0 /usr/lib/gcc/x86_64-pc-linux-gnu/12.2.0/../../../../lib/Scrt1.o
 .rela.text.refresh
                0x0000000000002dd0        0x0 /usr/lib/gcc/x86_64-pc-linux-gnu/12.2.0/../../../../lib/Scrt1.o
 .rela.text.colon
                0x0000000000002dd0        0x0 /usr/lib/gcc/x86_64-pc-linux-gnu/12.2.0/../../../../lib/Scrt1.o
 .rela.text.do_cmd
                0x0000000000002dd0        0x0 /usr/lib/gcc/x86_64-pc-linux-gnu/12.2.0/../../../../lib/Scrt1.o
 .rela.text.vi_main
                0x0000000000002dd0        0x0 /usr/lib/gcc/x86_64-pc-linux-gnu/12.2.0/../../../../lib/Scrt1.o
 .rela.text.grep_main
                0x0000000000002dd0        0x0 /usr/lib/gcc/x86_64-pc-linux-gnu/12.2.0/../../../../lib/Scrt1.o
 .rela.text.xargs_main
                0x0000000000002dd0        0x0 /usr/lib/gcc/x86_64-pc-linux-gnu/12.2.0/../../../../lib/Scrt1.o
 .rela.text.bb_ask_y_confirmation
                0x0000000000002dd0        0x0 /usr/lib/gcc/x86_64-pc-linux-gnu/12.2.0/../../../../lib/Scrt1.o
 .rela.text.ask_and_unlink
                0x0000000000002dd0        0x0 /usr/lib/gcc/x86_64-pc-linux-gnu/12.2.0/../../../../lib/Scrt1.o
 .rela.text.next
                0x0000000000002dd0        0x0 /usr/lib/gcc/x86_64-pc-linux-gnu/12.2.0/../../../../lib/Scrt1.o
 .rela.text.display
                0x0000000000002dd0        0x0 /usr/lib/gcc/x86_64-pc-linux-gnu/12.2.0/../../../../lib/Scrt1.o
 .rela.text.fclose_if_not_stdin
                0x0000000000002dd0        0x0 /usr/lib/gcc/x86_64-pc-linux-gnu/12.2.0/../../../../lib/Scrt1.o
 .rela.text.fflush_stdout_and_exit
                0x0000000000002dd0        0x0 /usr/lib/gcc/x86_64-pc-linux-gnu/12.2.0/../../../../lib/Scrt1.o
 .rela.text.vgetopt32
                0x0000000000002dd0        0x0 /usr/lib/gcc/x86_64-pc-linux-gnu/12.2.0/../../../../lib/Scrt1.o
 .rela.text.read_line_input
                0x0000000000002dd0        0x0 /usr/lib/gcc/x86_64-pc-linux-gnu/12.2.0/../../../../lib/Scrt1.o
 .rela.text.bb_progress_update
                0x0000000000002dd0        0x0 /usr/lib/gcc/x86_64-pc-linux-gnu/12.2.0/../../../../lib/Scrt1.o
 .rela.text.remove_file
                0x0000000000002dd0        0x0 /usr/lib/gcc/x86_64-pc-linux-gnu/12.2.0/../../../../lib/Scrt1.o
 .rela.text.fopen_or_warn_stdin
                0x0000000000002dd0        0x0 /usr/lib/gcc/x86_64-pc-linux-gnu/12.2.0/../../../../lib/Scrt1.o
 *(SORT_BY_ALIGNMENT(.rela.fini))
 *(SORT_BY_ALIGNMENT(.rela.rodata) SORT_BY_ALIGNMENT(.rela.rodata.*) SORT_BY_ALIGNMENT(.rela.gnu.linkonce.r.*))
 *(SORT_BY_ALIGNMENT(.rela.data) SORT_BY_ALIGNMENT(.rela.data.*) SORT_BY_ALIGNMENT(.rela.gnu.linkonce.d.*))
 .rela.data.rel.ro
                0x0000000000002dd0        0x0 /usr/lib/gcc/x86_64-pc-linux-gnu/12.2.0/../../../../lib/Scrt1.o
 .rela.data.rel.local
                0x0000000000002dd0       0x18 /usr/lib/gcc/x86_64-pc-linux-gnu/12.2.0/../../../../lib/Scrt1.o
 .rela.data.rel.ro.local.install_dir
                0x0000000000002de8       0x78 /usr/lib/gcc/x86_64-pc-linux-gnu/12.2.0/../../../../lib/Scrt1.o
 .rela.data.rel.ro.applet_main
                0x0000000000002e60      0xdc8 /usr/lib/gcc/x86_64-pc-linux-gnu/12.2.0/../../../../lib/Scrt1.o
 .rela.data.rel.local.msg_eol
                0x0000000000003c28       0x18 /usr/lib/gcc/x86_64-pc-linux-gnu/12.2.0/../../../../lib/Scrt1.o
 .rela.data.rel.ro.local.msg.0
                0x0000000000003c40       0x48 /usr/lib/gcc/x86_64-pc-linux-gnu/12.2.0/../../../../lib/Scrt1.o
 .rela.data.rel.ro.local.zxc_program_ops
                0x0000000000003c88       0x90 /usr/lib/gcc/x86_64-pc-linux-gnu/12.2.0/../../../../lib/Scrt1.o
 .rela.data.rel.ro.local.OptArray
                0x0000000000003d18      0x228 /usr/lib/gcc/x86_64-pc-linux-gnu/12.2.0/../../../../lib/Scrt1.o
 .rela.data.rel.ro.local.Arg1Opt
                0x0000000000003f40      0x180 /usr/lib/gcc/x86_64-pc-linux-gnu/12.2.0/../../../../lib/Scrt1.o
 .rela.data.rel.ro.local.if_port_text
                0x00000000000040c0       0xa8 /usr/lib/gcc/x86_64-pc-linux-gnu/12.2.0/../../../../lib/Scrt1.o
 .rela.data.rel.ro.local.hwtypes
                0x0000000000004168       0x78 /usr/lib/gcc/x86_64-pc-linux-gnu/12.2.0/../../../../lib/Scrt1.o
 .rela.data.rel.ro.local.sit_hwtype
                0x00000000000041e0       0x48 /usr/lib/gcc/x86_64-pc-linux-gnu/12.2.0/../../../../lib/Scrt1.o
 .rela.data.rel.ro.local.ppp_hwtype
                0x0000000000004228       0x30 /usr/lib/gcc/x86_64-pc-linux-gnu/12.2.0/../../../../lib/Scrt1.o
 .rela.data.rel.ro.local.ether_hwtype
                0x0000000000004258       0x60 /usr/lib/gcc/x86_64-pc-linux-gnu/12.2.0/../../../../lib/Scrt1.o
 .rela.data.rel.ro.local.loop_hwtype
                0x00000000000042b8       0x30 /usr/lib/gcc/x86_64-pc-linux-gnu/12.2.0/../../../../lib/Scrt1.o
 .rela.data.rel.ro.local.unspec_hwtype
                0x00000000000042e8       0x48 /usr/lib/gcc/x86_64-pc-linux-gnu/12.2.0/../../../../lib/Scrt1.o
 .rela.data.rel.ro.local.ss_fmt
                0x0000000000004330       0x48 /usr/lib/gcc/x86_64-pc-linux-gnu/12.2.0/../../../../lib/Scrt1.o
 .rela.data.rel.ro.local.aftypes
                0x0000000000004378       0x48 /usr/lib/gcc/x86_64-pc-linux-gnu/12.2.0/../../../../lib/Scrt1.o
 .rela.data.rel.ro.local.unspec_aftype
                0x00000000000043c0       0x60 /usr/lib/gcc/x86_64-pc-linux-gnu/12.2.0/../../../../lib/Scrt1.o
 .rela.data.rel.ro.local.inet6_aftype
                0x0000000000004420       0x60 /usr/lib/gcc/x86_64-pc-linux-gnu/12.2.0/../../../../lib/Scrt1.o
 .rela.data.rel.ro.local.inet_aftype
                0x0000000000004480       0x60 /usr/lib/gcc/x86_64-pc-linux-gnu/12.2.0/../../../../lib/Scrt1.o
 .rela.data.rel.ro.local.ip_func_ptrs.0
                0x00000000000044e0       0xd8 /usr/lib/gcc/x86_64-pc-linux-gnu/12.2.0/../../../../lib/Scrt1.o
 .rela.data.rel.ro.local.tcp_state
                0x00000000000045b8      0x120 /usr/lib/gcc/x86_64-pc-linux-gnu/12.2.0/../../../../lib/Scrt1.o
 .rela.data.rel.ro.local.init_tab.0
                0x00000000000046d8       0xf0 /usr/lib/gcc/x86_64-pc-linux-gnu/12.2.0/../../../../lib/Scrt1.o
 .rela.data.rel.ro.local.null_bltin.1
                0x00000000000047c8       0x30 /usr/lib/gcc/x86_64-pc-linux-gnu/12.2.0/../../../../lib/Scrt1.o
 .rela.data.rel.ro.local.builtintab
                0x00000000000047f8      0x828 /usr/lib/gcc/x86_64-pc-linux-gnu/12.2.0/../../../../lib/Scrt1.o
 .rela.data.rel.ro.local.tokname_array
                0x0000000000005020      0x2d0 /usr/lib/gcc/x86_64-pc-linux-gnu/12.2.0/../../../../lib/Scrt1.o
 .rela.data.rel.ro.local.varinit_data
                0x00000000000052f0      0x138 /usr/lib/gcc/x86_64-pc-linux-gnu/12.2.0/../../../../lib/Scrt1.o
 .rela.data.rel.local.g_parsefile
                0x0000000000005428       0x18 /usr/lib/gcc/x86_64-pc-linux-gnu/12.2.0/../../../../lib/Scrt1.o
 .rela.data.rel.ro.local.optletters_optnames
                0x0000000000005440      0x198 /usr/lib/gcc/x86_64-pc-linux-gnu/12.2.0/../../../../lib/Scrt1.o
 .rela.data.rel.ro.local.add_strings
                0x00000000000055d8       0x78 /usr/lib/gcc/x86_64-pc-linux-gnu/12.2.0/../../../../lib/Scrt1.o
 .rela.data.rel.ro.local.tar_var
                0x0000000000005650       0xc0 /usr/lib/gcc/x86_64-pc-linux-gnu/12.2.0/../../../../lib/Scrt1.o
 .rela.data.rel.ro.local.capabilities
                0x0000000000005710      0x390 /usr/lib/gcc/x86_64-pc-linux-gnu/12.2.0/../../../../lib/Scrt1.o
 .rela.data.rel.ro.local.console_names.0
                0x0000000000005aa0       0x48 /usr/lib/gcc/x86_64-pc-linux-gnu/12.2.0/../../../../lib/Scrt1.o
 .rela.data.rel.ro.local.bb_argv_dash
                0x0000000000005ae8       0x18 /usr/lib/gcc/x86_64-pc-linux-gnu/12.2.0/../../../../lib/Scrt1.o
 *(SORT_BY_ALIGNMENT(.rela.tdata) SORT_BY_ALIGNMENT(.rela.tdata.*) SORT_BY_ALIGNMENT(.rela.gnu.linkonce.td.*))
 *(SORT_BY_ALIGNMENT(.rela.tbss) SORT_BY_ALIGNMENT(.rela.tbss.*) SORT_BY_ALIGNMENT(.rela.gnu.linkonce.tb.*))
 *(SORT_BY_ALIGNMENT(.rela.ctors))
 *(SORT_BY_ALIGNMENT(.rela.dtors))
 *(SORT_BY_ALIGNMENT(.rela.got))
 .rela.got      0x0000000000005b00      0x180 /usr/lib/gcc/x86_64-pc-linux-gnu/12.2.0/../../../../lib/Scrt1.o
 *(SORT_BY_ALIGNMENT(.rela.bss) SORT_BY_ALIGNMENT(.rela.bss.*) SORT_BY_ALIGNMENT(.rela.gnu.linkonce.b.*))
 .rela.bss      0x0000000000005c80       0xa8 /usr/lib/gcc/x86_64-pc-linux-gnu/12.2.0/../../../../lib/Scrt1.o
 *(SORT_BY_ALIGNMENT(.rela.ldata) SORT_BY_ALIGNMENT(.rela.ldata.*) SORT_BY_ALIGNMENT(.rela.gnu.linkonce.l.*))
 *(SORT_BY_ALIGNMENT(.rela.lbss) SORT_BY_ALIGNMENT(.rela.lbss.*) SORT_BY_ALIGNMENT(.rela.gnu.linkonce.lb.*))
 *(SORT_BY_ALIGNMENT(.rela.lrodata) SORT_BY_ALIGNMENT(.rela.lrodata.*) SORT_BY_ALIGNMENT(.rela.gnu.linkonce.lr.*))
 *(SORT_BY_ALIGNMENT(.rela.ifunc))
 .rela.ifunc    0x0000000000005d28        0x0 /usr/lib/gcc/x86_64-pc-linux-gnu/12.2.0/../../../../lib/Scrt1.o
 .rela.fini_array
                0x0000000000005d28       0x18 /usr/lib/gcc/x86_64-pc-linux-gnu/12.2.0/../../../../lib/Scrt1.o
 .rela.init_array
                0x0000000000005d40       0x18 /usr/lib/gcc/x86_64-pc-linux-gnu/12.2.0/../../../../lib/Scrt1.o

.rela.plt       0x0000000000005d58     0x1998
 *(SORT_BY_ALIGNMENT(.rela.plt))
 .rela.plt      0x0000000000005d58     0x1998 /usr/lib/gcc/x86_64-pc-linux-gnu/12.2.0/../../../../lib/Scrt1.o
 *(SORT_BY_ALIGNMENT(.rela.iplt))

.relr.dyn
 *(SORT_BY_ALIGNMENT(.relr.dyn))
                0x0000000000008000                . = ALIGN (CONSTANT (MAXPAGESIZE))

.init           0x0000000000008000       0x1b
 *(SORT_NONE(.init))
 .init          0x0000000000008000       0x16 /usr/lib/gcc/x86_64-pc-linux-gnu/12.2.0/../../../../lib/crti.o
                0x0000000000008000                _init
 .init          0x0000000000008016        0x5 /usr/lib/gcc/x86_64-pc-linux-gnu/12.2.0/../../../../lib/crtn.o

.plt            0x0000000000008020     0x1120
 *(SORT_BY_ALIGNMENT(.plt))
 .plt           0x0000000000008020     0x1120 /usr/lib/gcc/x86_64-pc-linux-gnu/12.2.0/../../../../lib/Scrt1.o
                0x0000000000008030                inet_ntop@@GLIBC_2.2.5
                0x0000000000008040                getenv@@GLIBC_2.2.5
                0x0000000000008050                sigprocmask@@GLIBC_2.2.5
                0x0000000000008060                raise@@GLIBC_2.2.5
                0x0000000000008070                free@@GLIBC_2.2.5
                0x0000000000008080                recv@@GLIBC_2.2.5
                0x0000000000008090                utimensat@@GLIBC_2.6
                0x00000000000080a0                endmntent@@GLIBC_2.2.5
                0x00000000000080b0                strcasecmp@@GLIBC_2.2.5
                0x00000000000080c0                localtime@@GLIBC_2.2.5
                0x00000000000080d0                strverscmp@@GLIBC_2.2.5
                0x00000000000080e0                __errno_location@@GLIBC_2.2.5
                0x00000000000080f0                fdatasync@@GLIBC_2.2.5
                0x0000000000008100                unlink@@GLIBC_2.2.5
                0x0000000000008110                strncpy@@GLIBC_2.2.5
                0x0000000000008120                __res_init@@GLIBC_2.2.5
                0x0000000000008130                strncmp@@GLIBC_2.2.5
                0x0000000000008140                localtime_r@@GLIBC_2.2.5
                0x0000000000008150                _exit@@GLIBC_2.2.5
                0x0000000000008160                chroot@@GLIBC_2.2.5
                0x0000000000008170                strcpy@@GLIBC_2.2.5
                0x0000000000008180                __isoc99_fscanf@@GLIBC_2.7
                0x0000000000008190                mkdir@@GLIBC_2.2.5
                0x00000000000081a0                sendmsg@@GLIBC_2.2.5
                0x00000000000081b0                puts@@GLIBC_2.2.5
                0x00000000000081c0                getc_unlocked@@GLIBC_2.2.5
                0x00000000000081d0                mallopt@@GLIBC_2.2.5
                0x00000000000081e0                qsort@@GLIBC_2.2.5
                0x00000000000081f0                isatty@@GLIBC_2.2.5
                0x0000000000008200                sigaction@@GLIBC_2.2.5
                0x0000000000008210                fread@@GLIBC_2.2.5
                0x0000000000008220                strtod@@GLIBC_2.2.5
                0x0000000000008230                vsnprintf@@GLIBC_2.2.5
                0x0000000000008240                setsockopt@@GLIBC_2.2.5
                0x0000000000008250                strchrnul@@GLIBC_2.2.5
                0x0000000000008260                getchar_unlocked@@GLIBC_2.2.5
                0x0000000000008270                unshare@@GLIBC_2.4
                0x0000000000008280                readlink@@GLIBC_2.2.5
                0x0000000000008290                clock_gettime@@GLIBC_2.17
                0x00000000000082a0                setenv@@GLIBC_2.2.5
                0x00000000000082b0                write@@GLIBC_2.2.5
                0x00000000000082c0                getpid@@GLIBC_2.2.5
                0x00000000000082d0                vasprintf@@GLIBC_2.2.5
                0x00000000000082e0                inet_ntoa@@GLIBC_2.2.5
                0x00000000000082f0                umount2@@GLIBC_2.2.5
                0x0000000000008300                fclose@@GLIBC_2.2.5
                0x0000000000008310                opendir@@GLIBC_2.2.5
                0x0000000000008320                getpwuid@@GLIBC_2.2.5
                0x0000000000008330                ctime@@GLIBC_2.2.5
                0x0000000000008340                clearenv@@GLIBC_2.2.5
                0x0000000000008350                shutdown@@GLIBC_2.2.5
                0x0000000000008360                stpcpy@@GLIBC_2.2.5
                0x0000000000008370                globfree64@@GLIBC_2.2.5
                0x0000000000008380                rmdir@@GLIBC_2.2.5
                0x0000000000008390                regfree@@GLIBC_2.2.5
                0x00000000000083a0                strlen@@GLIBC_2.2.5
                0x00000000000083b0                mount@@GLIBC_2.2.5
                0x00000000000083c0                chdir@@GLIBC_2.2.5
                0x00000000000083d0                syncfs@@GLIBC_2.14
                0x00000000000083e0                __stack_chk_fail@@GLIBC_2.4
                0x00000000000083f0                getuid@@GLIBC_2.2.5
                0x0000000000008400                getopt_long@@GLIBC_2.2.5
                0x0000000000008410                setbuf@@GLIBC_2.2.5
                0x0000000000008420                getmntent_r@@GLIBC_2.2.5
                0x0000000000008430                dup2@@GLIBC_2.2.5
                0x0000000000008440                send@@GLIBC_2.2.5
                0x0000000000008450                tcflush@@GLIBC_2.2.5
                0x0000000000008460                strchr@@GLIBC_2.2.5
                0x0000000000008470                printf@@GLIBC_2.2.5
                0x0000000000008480                getgrgid@@GLIBC_2.2.5
                0x0000000000008490                pclose@@GLIBC_2.2.5
                0x00000000000084a0                snprintf@@GLIBC_2.2.5
                0x00000000000084b0                setns@@GLIBC_2.14
                0x00000000000084c0                nanosleep@@GLIBC_2.2.5
                0x00000000000084d0                strrchr@@GLIBC_2.2.5
                0x00000000000084e0                uname@@GLIBC_2.2.5
                0x00000000000084f0                siglongjmp@@GLIBC_2.2.5
                0x0000000000008500                dirname@@GLIBC_2.2.5
                0x0000000000008510                dup@@GLIBC_2.2.5
                0x0000000000008520                setrlimit64@@GLIBC_2.2.5
                0x0000000000008530                getsid@@GLIBC_2.2.5
                0x0000000000008540                capset@@GLIBC_2.2.5
                0x0000000000008550                gettimeofday@@GLIBC_2.2.5
                0x0000000000008560                fileno_unlocked@@GLIBC_2.2.5
                0x0000000000008570                fputs@@GLIBC_2.2.5
                0x0000000000008580                statfs64@@GLIBC_2.2.5
                0x0000000000008590                getservbyname@@GLIBC_2.2.5
                0x00000000000085a0                fnmatch@@GLIBC_2.2.5
                0x00000000000085b0                geteuid@@GLIBC_2.2.5
                0x00000000000085c0                ioctl@@GLIBC_2.2.5
                0x00000000000085d0                strnlen@@GLIBC_2.2.5
                0x00000000000085e0                getcwd@@GLIBC_2.2.5
                0x00000000000085f0                sendto@@GLIBC_2.2.5
                0x0000000000008600                alarm@@GLIBC_2.2.5
                0x0000000000008610                sigtimedwait@@GLIBC_2.2.5
                0x0000000000008620                close@@GLIBC_2.2.5
                0x0000000000008630                dprintf@@GLIBC_2.2.5
                0x0000000000008640                setgroups@@GLIBC_2.2.5
                0x0000000000008650                pipe@@GLIBC_2.2.5
                0x0000000000008660                getnameinfo@@GLIBC_2.2.5
                0x0000000000008670                setsid@@GLIBC_2.2.5
                0x0000000000008680                strspn@@GLIBC_2.2.5
                0x0000000000008690                closedir@@GLIBC_2.2.5
                0x00000000000086a0                regcomp@@GLIBC_2.2.5
                0x00000000000086b0                strcspn@@GLIBC_2.2.5
                0x00000000000086c0                strtok_r@@GLIBC_2.2.5
                0x00000000000086d0                sched_yield@@GLIBC_2.2.5
                0x00000000000086e0                memchr@@GLIBC_2.2.5
                0x00000000000086f0                read@@GLIBC_2.2.5
                0x0000000000008700                strndup@@GLIBC_2.2.5
                0x0000000000008710                srand@@GLIBC_2.2.5
                0x0000000000008720                memcmp@@GLIBC_2.2.5
                0x0000000000008730                mkstemp64@@GLIBC_2.2.5
                0x0000000000008740                getopt_long_only@@GLIBC_2.2.5
                0x0000000000008750                getsockopt@@GLIBC_2.2.5
                0x0000000000008760                _setjmp@@GLIBC_2.2.5
                0x0000000000008770                __res_state@@GLIBC_2.2.5
                0x0000000000008780                fputs_unlocked@@GLIBC_2.2.5
                0x0000000000008790                execve@@GLIBC_2.2.5
                0x00000000000087a0                strtoull@@GLIBC_2.2.5
                0x00000000000087b0                utimes@@GLIBC_2.2.5
                0x00000000000087c0                ferror_unlocked@@GLIBC_2.2.5
                0x00000000000087d0                putenv@@GLIBC_2.2.5
                0x00000000000087e0                strcmp@@GLIBC_2.2.5
                0x00000000000087f0                signal@@GLIBC_2.2.5
                0x0000000000008800                strtoll@@GLIBC_2.2.5
                0x0000000000008810                getpwnam@@GLIBC_2.2.5
                0x0000000000008820                gethostbyname@@GLIBC_2.2.5
                0x0000000000008830                fprintf@@GLIBC_2.2.5
                0x0000000000008840                sigemptyset@@GLIBC_2.2.5
                0x0000000000008850                mkfifo@@GLIBC_2.2.5
                0x0000000000008860                umask@@GLIBC_2.2.5
                0x0000000000008870                if_nametoindex@@GLIBC_2.2.5
                0x0000000000008880                fopen64@@GLIBC_2.2.5
                0x0000000000008890                mknod@@GLIBC_2.33
                0x00000000000088a0                strtol@@GLIBC_2.2.5
                0x00000000000088b0                freopen64@@GLIBC_2.2.5
                0x00000000000088c0                clearerr@@GLIBC_2.2.5
                0x00000000000088d0                glob64@@GLIBC_2.27
                0x00000000000088e0                realpath@@GLIBC_2.3
                0x00000000000088f0                sigfillset@@GLIBC_2.2.5
                0x0000000000008900                regerror@@GLIBC_2.2.5
                0x0000000000008910                socketpair@@GLIBC_2.2.5
                0x0000000000008920                getgrnam@@GLIBC_2.2.5
                0x0000000000008930                putchar_unlocked@@GLIBC_2.2.5
                0x0000000000008940                prctl@@GLIBC_2.2.5
                0x0000000000008950                inet_pton@@GLIBC_2.2.5
                0x0000000000008960                tzset@@GLIBC_2.2.5
                0x0000000000008970                kill@@GLIBC_2.2.5
                0x0000000000008980                sendfile64@@GLIBC_2.3
                0x0000000000008990                time@@GLIBC_2.2.5
                0x00000000000089a0                getgid@@GLIBC_2.2.5
                0x00000000000089b0                posix_fallocate64@@GLIBC_2.2.5
                0x00000000000089c0                tcgetpgrp@@GLIBC_2.2.5
                0x00000000000089d0                inet_aton@@GLIBC_2.2.5
                0x00000000000089e0                capget@@GLIBC_2.2.5
                0x00000000000089f0                getrlimit64@@GLIBC_2.2.5
                0x0000000000008a00                sync@@GLIBC_2.2.5
                0x0000000000008a10                getgroups@@GLIBC_2.2.5
                0x0000000000008a20                fgets_unlocked@@GLIBC_2.2.5
                0x0000000000008a30                mmap64@@GLIBC_2.2.5
                0x0000000000008a40                putc_unlocked@@GLIBC_2.2.5
                0x0000000000008a50                malloc@@GLIBC_2.2.5
                0x0000000000008a60                strncasecmp@@GLIBC_2.2.5
                0x0000000000008a70                fflush@@GLIBC_2.2.5
                0x0000000000008a80                killpg@@GLIBC_2.2.5
                0x0000000000008a90                getmntent@@GLIBC_2.2.5
                0x0000000000008aa0                setmntent@@GLIBC_2.2.5
                0x0000000000008ab0                strsep@@GLIBC_2.2.5
                0x0000000000008ac0                __isoc99_sscanf@@GLIBC_2.7
                0x0000000000008ad0                ungetc@@GLIBC_2.2.5
                0x0000000000008ae0                getifaddrs@@GLIBC_2.3
                0x0000000000008af0                ttyname_r@@GLIBC_2.2.5
                0x0000000000008b00                klogctl@@GLIBC_2.2.5
                0x0000000000008b10                syslog@@GLIBC_2.2.5
                0x0000000000008b20                listen@@GLIBC_2.2.5
                0x0000000000008b30                recvfrom@@GLIBC_2.2.5
                0x0000000000008b40                vprintf@@GLIBC_2.2.5
                0x0000000000008b50                regexec@@GLIBC_2.3.4
                0x0000000000008b60                getegid@@GLIBC_2.2.5
                0x0000000000008b70                mktime@@GLIBC_2.2.5
                0x0000000000008b80                strpbrk@@GLIBC_2.2.5
                0x0000000000008b90                sigsuspend@@GLIBC_2.2.5
                0x0000000000008ba0                fseeko64@@GLIBC_2.2.5
                0x0000000000008bb0                fchdir@@GLIBC_2.2.5
                0x0000000000008bc0                strsignal@@GLIBC_2.2.5
                0x0000000000008bd0                gnu_dev_major@@GLIBC_2.3.3
                0x0000000000008be0                realloc@@GLIBC_2.2.5
                0x0000000000008bf0                stpncpy@@GLIBC_2.2.5
                0x0000000000008c00                fdopen@@GLIBC_2.2.5
                0x0000000000008c10                setitimer@@GLIBC_2.2.5
                0x0000000000008c20                cfmakeraw@@GLIBC_2.2.5
                0x0000000000008c30                mkdtemp@@GLIBC_2.2.5
                0x0000000000008c40                munmap@@GLIBC_2.2.5
                0x0000000000008c50                recvmsg@@GLIBC_2.2.5
                0x0000000000008c60                ftruncate64@@GLIBC_2.2.5
                0x0000000000008c70                freeifaddrs@@GLIBC_2.3
                0x0000000000008c80                fchmod@@GLIBC_2.2.5
                0x0000000000008c90                setvbuf@@GLIBC_2.2.5
                0x0000000000008ca0                poll@@GLIBC_2.2.5
                0x0000000000008cb0                chmod@@GLIBC_2.2.5
                0x0000000000008cc0                bind@@GLIBC_2.2.5
                0x0000000000008cd0                longjmp@@GLIBC_2.2.5
                0x0000000000008ce0                open64@@GLIBC_2.2.5
                0x0000000000008cf0                strftime@@GLIBC_2.2.5
                0x0000000000008d00                fcntl64@@GLIBC_2.28
                0x0000000000008d10                memmove@@GLIBC_2.2.5
                0x0000000000008d20                readdir64@@GLIBC_2.2.5
                0x0000000000008d30                fsync@@GLIBC_2.2.5
                0x0000000000008d40                setgid@@GLIBC_2.2.5
                0x0000000000008d50                memrchr@@GLIBC_2.2.5
                0x0000000000008d60                waitpid@@GLIBC_2.2.5
                0x0000000000008d70                tcgetattr@@GLIBC_2.2.5
                0x0000000000008d80                getpgrp@@GLIBC_2.2.5
                0x0000000000008d90                tcsetpgrp@@GLIBC_2.2.5
                0x0000000000008da0                tcsetattr@@GLIBC_2.2.5
                0x0000000000008db0                times@@GLIBC_2.2.5
                0x0000000000008dc0                access@@GLIBC_2.2.5
                0x0000000000008dd0                popen@@GLIBC_2.2.5
                0x0000000000008de0                fchown@@GLIBC_2.2.5
                0x0000000000008df0                sigdelset@@GLIBC_2.2.5
                0x0000000000008e00                strcasestr@@GLIBC_2.2.5
                0x0000000000008e10                sysconf@@GLIBC_2.2.5
                0x0000000000008e20                rename@@GLIBC_2.2.5
                0x0000000000008e30                vfork@@GLIBC_2.2.5
                0x0000000000008e40                getopt@@GLIBC_2.2.5
                0x0000000000008e50                vfprintf@@GLIBC_2.2.5
                0x0000000000008e60                unsetenv@@GLIBC_2.2.5
                0x0000000000008e70                gnu_dev_minor@@GLIBC_2.3.3
                0x0000000000008e80                accept@@GLIBC_2.2.5
                0x0000000000008e90                getsockname@@GLIBC_2.2.5
                0x0000000000008ea0                strtoul@@GLIBC_2.2.5
                0x0000000000008eb0                execvp@@GLIBC_2.2.5
                0x0000000000008ec0                atoi@@GLIBC_2.2.5
                0x0000000000008ed0                getline@@GLIBC_2.2.5
                0x0000000000008ee0                sysinfo@@GLIBC_2.2.5
                0x0000000000008ef0                strcat@@GLIBC_2.2.5
                0x0000000000008f00                openlog@@GLIBC_2.2.5
                0x0000000000008f10                setpgid@@GLIBC_2.2.5
                0x0000000000008f20                __libc_current_sigrtmin@@GLIBC_2.2.5
                0x0000000000008f30                sprintf@@GLIBC_2.2.5
                0x0000000000008f40                getppid@@GLIBC_2.2.5
                0x0000000000008f50                exit@@GLIBC_2.2.5
                0x0000000000008f60                connect@@GLIBC_2.2.5
                0x0000000000008f70                fwrite@@GLIBC_2.2.5
                0x0000000000008f80                lseek64@@GLIBC_2.2.5
                0x0000000000008f90                fstat64@@GLIBC_2.33
                0x0000000000008fa0                bsearch@@GLIBC_2.2.5
                0x0000000000008fb0                __libc_current_sigrtmax@@GLIBC_2.2.5
                0x0000000000008fc0                setuid@@GLIBC_2.2.5
                0x0000000000008fd0                sched_getaffinity@@GLIBC_2.3.4
                0x0000000000008fe0                reboot@@GLIBC_2.2.5
                0x0000000000008ff0                getservbyport@@GLIBC_2.2.5
                0x0000000000009000                getaddrinfo@@GLIBC_2.2.5
                0x0000000000009010                __cmsg_nxthdr@@GLIBC_2.2.5
                0x0000000000009020                strdup@@GLIBC_2.2.5
                0x0000000000009030                execlp@@GLIBC_2.2.5
                0x0000000000009040                strerror@@GLIBC_2.2.5
                0x0000000000009050                execl@@GLIBC_2.2.5
                0x0000000000009060                __sigsetjmp@@GLIBC_2.2.5
                0x0000000000009070                crypt@@XCRYPT_2.0
                0x0000000000009080                sleep@@GLIBC_2.2.5
                0x0000000000009090                gnu_dev_makedev@@GLIBC_2.3.3
                0x00000000000090a0                wait@@GLIBC_2.2.5
                0x00000000000090b0                sigaddset@@GLIBC_2.2.5
                0x00000000000090c0                execv@@GLIBC_2.2.5
                0x00000000000090d0                fork@@GLIBC_2.2.5
                0x00000000000090e0                feof_unlocked@@GLIBC_2.2.5
                0x00000000000090f0                rand@@GLIBC_2.2.5
                0x0000000000009100                statvfs64@@GLIBC_2.2.5
                0x0000000000009110                freeaddrinfo@@GLIBC_2.2.5
                0x0000000000009120                socket@@GLIBC_2.2.5
                0x0000000000009130                mktemp@@GLIBC_2.2.5
 *(SORT_BY_ALIGNMENT(.iplt))

.plt.got        0x0000000000009140       0x38
 *(SORT_BY_ALIGNMENT(.plt.got))
 .plt.got       0x0000000000009140       0x38 /usr/lib/gcc/x86_64-pc-linux-gnu/12.2.0/../../../../lib/Scrt1.o
                0x0000000000009140                lstat64@@GLIBC_2.33
                0x0000000000009148                stat64@@GLIBC_2.33
                0x0000000000009150                symlink@@GLIBC_2.2.5
                0x0000000000009158                lchown@@GLIBC_2.2.5
                0x0000000000009160                chown@@GLIBC_2.2.5
                0x0000000000009168                link@@GLIBC_2.2.5
                0x0000000000009170                strstr@@GLIBC_2.2.5

.plt.sec
 *(SORT_BY_ALIGNMENT(.plt.sec))

.text           0x0000000000009180    0x61be9
 *(SORT_BY_ALIGNMENT(.text.unlikely) SORT_BY_ALIGNMENT(.text.*_unlikely) SORT_BY_ALIGNMENT(.text.unlikely.*))
 *(SORT_BY_ALIGNMENT(.text.exit) SORT_BY_ALIGNMENT(.text.exit.*))
 *(SORT_BY_ALIGNMENT(.text.startup) SORT_BY_ALIGNMENT(.text.startup.*))
 *(SORT_BY_ALIGNMENT(.text.hot) SORT_BY_ALIGNMENT(.text.hot.*))
 *(SORT_BY_NAME(SORT_BY_ALIGNMENT(.text.sorted.*)))
 *(SORT_BY_ALIGNMENT(.text) SORT_BY_ALIGNMENT(.stub) SORT_BY_ALIGNMENT(.text.*) SORT_BY_ALIGNMENT(.gnu.linkonce.t.*))
 .text          0x0000000000009180       0x26 /usr/lib/gcc/x86_64-pc-linux-gnu/12.2.0/../../../../lib/Scrt1.o
                0x0000000000009180                _start
 *fill*         0x00000000000091a6        0xa 
 .text          0x00000000000091b0       0xc9 /usr/lib/gcc/x86_64-pc-linux-gnu/12.2.0/crtbeginS.o
 .text.string_array_len
                0x0000000000009279       0x17 libbb/lib.a(appletlib.o)
                0x0000000000009279                string_array_len
 .text.find_applet_by_name
                0x0000000000009290       0x8c libbb/lib.a(appletlib.o)
                0x0000000000009290                find_applet_by_name
 .text.bb_show_usage
                0x000000000000931c       0x99 libbb/lib.a(appletlib.o)
                0x000000000000931c                bb_show_usage
 .text.find_script_by_name
                0x00000000000093b5       0x24 libbb/lib.a(appletlib.o)
 .text.scripted_main
                0x00000000000093d9       0x32 libbb/lib.a(appletlib.o)
                0x00000000000093d9                scripted_main
 .text.lbb_prepare
                0x000000000000940b       0x19 libbb/lib.a(appletlib.o)
                0x000000000000940b                lbb_prepare
 .text.get_script_content
                0x0000000000009424       0x31 libbb/lib.a(appletlib.o)
                0x0000000000009424                get_script_content
 .text.show_usage_if_dash_dash_help
                0x0000000000009455       0x3d libbb/lib.a(appletlib.o)
                0x0000000000009455                show_usage_if_dash_dash_help
 .text.run_applet_no_and_exit
                0x0000000000009492       0x9a libbb/lib.a(appletlib.o)
                0x0000000000009492                run_applet_no_and_exit
 .text.run_applet_and_exit
                0x000000000000952c      0x398 libbb/lib.a(appletlib.o)
 .text.main     0x00000000000098c4       0x72 libbb/lib.a(appletlib.o)
                0x00000000000098c4                main
 .text.is_prefixed_with
                0x0000000000009936       0x1b libbb/lib.a(compare_string_array.o)
                0x0000000000009936                is_prefixed_with
 .text.is_suffixed_with
                0x0000000000009951       0x56 libbb/lib.a(compare_string_array.o)
                0x0000000000009951                is_suffixed_with
 .text.index_in_strings
                0x00000000000099a7       0x30 libbb/lib.a(compare_string_array.o)
                0x00000000000099a7                index_in_strings
 .text.index_in_substrings
                0x00000000000099d7       0x6d libbb/lib.a(compare_string_array.o)
                0x00000000000099d7                index_in_substrings
 .text.nth_string
                0x0000000000009a44       0x1a libbb/lib.a(compare_string_array.o)
                0x0000000000009a44                nth_string
 .text.concat_path_file
                0x0000000000009a5e       0x5b libbb/lib.a(concat_path_file.o)
                0x0000000000009a5e                concat_path_file
 .text.bb_basename
                0x0000000000009ab9       0x1c libbb/lib.a(get_last_path_component.o)
                0x0000000000009ab9                bb_basename
 .text.bb_get_last_path_component_nostrip
                0x0000000000009ad5       0x28 libbb/lib.a(get_last_path_component.o)
                0x0000000000009ad5                bb_get_last_path_component_nostrip
 .text.bb_get_last_path_component_strip
                0x0000000000009afd       0x38 libbb/lib.a(get_last_path_component.o)
                0x0000000000009afd                bb_get_last_path_component_strip
 .text.last_char_is
                0x0000000000009b35       0x1c libbb/lib.a(last_char_is.o)
                0x0000000000009b35                last_char_is
 .text.bb_perror_msg
                0x0000000000009b51       0xd5 libbb/lib.a(perror_msg.o)
                0x0000000000009b51                bb_perror_msg
 .text.bb_perror_msg_and_die
                0x0000000000009c26       0xbc libbb/lib.a(perror_msg.o)
                0x0000000000009c26                bb_perror_msg_and_die
 .text.bb_simple_perror_msg
                0x0000000000009ce2       0x11 libbb/lib.a(perror_msg.o)
                0x0000000000009ce2                bb_simple_perror_msg
 .text.bb_simple_perror_msg_and_die
                0x0000000000009cf3       0x12 libbb/lib.a(perror_msg.o)
                0x0000000000009cf3                bb_simple_perror_msg_and_die
 .text.bb_verror_msg
                0x0000000000009d05      0x236 libbb/lib.a(verror_msg.o)
                0x0000000000009d05                bb_verror_msg
 .text.bb_error_msg_and_die
                0x0000000000009f3b       0xa0 libbb/lib.a(verror_msg.o)
                0x0000000000009f3b                bb_error_msg_and_die
 .text.bb_error_msg
                0x0000000000009fdb       0xb8 libbb/lib.a(verror_msg.o)
                0x0000000000009fdb                bb_error_msg
 .text.bb_vinfo_msg
                0x000000000000a093       0x18 libbb/lib.a(verror_msg.o)
                0x000000000000a093                bb_vinfo_msg
 .text.bb_info_msg
                0x000000000000a0ab       0xb6 libbb/lib.a(verror_msg.o)
                0x000000000000a0ab                bb_info_msg
 .text.bb_simple_info_msg
                0x000000000000a161       0x11 libbb/lib.a(verror_msg.o)
                0x000000000000a161                bb_simple_info_msg
 .text.bb_simple_error_msg
                0x000000000000a172       0x11 libbb/lib.a(verror_msg.o)
                0x000000000000a172                bb_simple_error_msg
 .text.bb_simple_error_msg_and_die
                0x000000000000a183       0x12 libbb/lib.a(verror_msg.o)
                0x000000000000a183                bb_simple_error_msg_and_die
 .text.xfunc_die
                0x000000000000a195       0x1b libbb/lib.a(xfunc_die.o)
                0x000000000000a195                xfunc_die
 .text.ndelay_on
                0x000000000000a1b0       0x3a libbb/lib.a(xfuncs.o)
                0x000000000000a1b0                ndelay_on
 .text.ndelay_off
                0x000000000000a1ea       0x3a libbb/lib.a(xfuncs.o)
                0x000000000000a1ea                ndelay_off
 .text.close_on_exec_on
                0x000000000000a224       0x11 libbb/lib.a(xfuncs.o)
                0x000000000000a224                close_on_exec_on
 .text.strncpy_IFNAMSIZ
                0x000000000000a235        0xa libbb/lib.a(xfuncs.o)
                0x000000000000a235                strncpy_IFNAMSIZ
 .text.utoa_to_buf
                0x000000000000a23f       0x5a libbb/lib.a(xfuncs.o)
                0x000000000000a23f                utoa_to_buf
 .text.itoa_to_buf
                0x000000000000a299       0x1b libbb/lib.a(xfuncs.o)
                0x000000000000a299                itoa_to_buf
 .text.utoa     0x000000000000a2b4       0x1d libbb/lib.a(xfuncs.o)
                0x000000000000a2b4                utoa
 .text.itoa     0x000000000000a2d1       0x1d libbb/lib.a(xfuncs.o)
                0x000000000000a2d1                itoa
 .text.bin2hex  0x000000000000a2ee       0x49 libbb/lib.a(xfuncs.o)
                0x000000000000a2ee                bin2hex
 .text.hex2bin  0x000000000000a337       0xb9 libbb/lib.a(xfuncs.o)
                0x000000000000a337                hex2bin
 .text.bb_putchar_stderr
                0x000000000000a3f0       0x22 libbb/lib.a(xfuncs.o)
                0x000000000000a3f0                bb_putchar_stderr
 .text.full_write1_str
                0x000000000000a412       0x1a libbb/lib.a(xfuncs.o)
                0x000000000000a412                full_write1_str
 .text.full_write2_str
                0x000000000000a42c       0x1a libbb/lib.a(xfuncs.o)
                0x000000000000a42c                full_write2_str
 .text.get_terminal_width_height
                0x000000000000a446      0x151 libbb/lib.a(xfuncs.o)
                0x000000000000a446                get_terminal_width_height
 .text.get_terminal_width
                0x000000000000a597       0x3e libbb/lib.a(xfuncs.o)
                0x000000000000a597                get_terminal_width
 .text.tcsetattr_stdin_TCSANOW
                0x000000000000a5d5        0xc libbb/lib.a(xfuncs.o)
                0x000000000000a5d5                tcsetattr_stdin_TCSANOW
 .text.get_termios_and_make_raw
                0x000000000000a5e1       0x77 libbb/lib.a(xfuncs.o)
                0x000000000000a5e1                get_termios_and_make_raw
 .text.set_termios_to_raw
                0x000000000000a658       0x54 libbb/lib.a(xfuncs.o)
                0x000000000000a658                set_termios_to_raw
 .text.safe_waitpid
                0x000000000000a6ac       0x2f libbb/lib.a(xfuncs.o)
                0x000000000000a6ac                safe_waitpid
 .text.wait_any_nohang
                0x000000000000a6db       0x10 libbb/lib.a(xfuncs.o)
                0x000000000000a6db                wait_any_nohang
 .text.wait4pid
                0x000000000000a6eb       0x64 libbb/lib.a(xfuncs.o)
                0x000000000000a6eb                wait4pid
 .text.bb_die_memory_exhausted
                0x000000000000a74f        0xd libbb/lib.a(xfuncs_printf.o)
                0x000000000000a74f                bb_die_memory_exhausted
 .text.malloc_or_warn
                0x000000000000a75c       0x33 libbb/lib.a(xfuncs_printf.o)
                0x000000000000a75c                malloc_or_warn
 .text.xmalloc  0x000000000000a78f       0x1a libbb/lib.a(xfuncs_printf.o)
                0x000000000000a78f                xmalloc
 .text.xrealloc
                0x000000000000a7a9       0x1a libbb/lib.a(xfuncs_printf.o)
                0x000000000000a7a9                xrealloc
 .text.xzalloc  0x000000000000a7c3       0x1b libbb/lib.a(xfuncs_printf.o)
                0x000000000000a7c3                xzalloc
 .text.xstrdup  0x000000000000a7de       0x1b libbb/lib.a(xfuncs_printf.o)
                0x000000000000a7de                xstrdup
 .text.xstrndup
                0x000000000000a7f9       0x15 libbb/lib.a(xfuncs_printf.o)
                0x000000000000a7f9                xstrndup
 .text.xmemdup  0x000000000000a80e       0x20 libbb/lib.a(xfuncs_printf.o)
                0x000000000000a80e                xmemdup
 .text.mmap_anon
                0x000000000000a82e       0x1b libbb/lib.a(xfuncs_printf.o)
                0x000000000000a82e                mmap_anon
 .text.xmmap_anon
                0x000000000000a849       0x13 libbb/lib.a(xfuncs_printf.o)
                0x000000000000a849                xmmap_anon
 .text.xfopen   0x000000000000a85c       0x1f libbb/lib.a(xfuncs_printf.o)
                0x000000000000a85c                xfopen
 .text.xopen3   0x000000000000a87b       0x22 libbb/lib.a(xfuncs_printf.o)
                0x000000000000a87b                xopen3
 .text.xopen    0x000000000000a89d        0xa libbb/lib.a(xfuncs_printf.o)
                0x000000000000a89d                xopen
 .text.open3_or_warn
                0x000000000000a8a7       0x2a libbb/lib.a(xfuncs_printf.o)
                0x000000000000a8a7                open3_or_warn
 .text.open_or_warn
                0x000000000000a8d1        0xa libbb/lib.a(xfuncs_printf.o)
                0x000000000000a8d1                open_or_warn
 .text.xopen_nonblocking
                0x000000000000a8db        0xa libbb/lib.a(xfuncs_printf.o)
                0x000000000000a8db                xopen_nonblocking
 .text.xunlink  0x000000000000a8e5       0x20 libbb/lib.a(xfuncs_printf.o)
                0x000000000000a8e5                xunlink
 .text.xrename  0x000000000000a905       0x2a libbb/lib.a(xfuncs_printf.o)
                0x000000000000a905                xrename
 .text.xpipe    0x000000000000a92f       0x18 libbb/lib.a(xfuncs_printf.o)
                0x000000000000a92f                xpipe
 .text.xdup2    0x000000000000a947       0x1a libbb/lib.a(xfuncs_printf.o)
                0x000000000000a947                xdup2
 .text.xmove_fd
                0x000000000000a961       0x1f libbb/lib.a(xfuncs_printf.o)
                0x000000000000a961                xmove_fd
 .text.xwrite   0x000000000000a980       0x30 libbb/lib.a(xfuncs_printf.o)
                0x000000000000a980                xwrite
 .text.xwrite_str
                0x000000000000a9b0       0x28 libbb/lib.a(xfuncs_printf.o)
                0x000000000000a9b0                xwrite_str
 .text.xclose   0x000000000000a9d8       0x18 libbb/lib.a(xfuncs_printf.o)
                0x000000000000a9d8                xclose
 .text.xlseek   0x000000000000a9f0       0x32 libbb/lib.a(xfuncs_printf.o)
                0x000000000000a9f0                xlseek
 .text.xmkstemp
                0x000000000000aa22       0x20 libbb/lib.a(xfuncs_printf.o)
                0x000000000000aa22                xmkstemp
 .text.die_if_ferror
                0x000000000000aa42       0x2a libbb/lib.a(xfuncs_printf.o)
                0x000000000000aa42                die_if_ferror
 .text.die_if_ferror_stdout
                0x000000000000aa6c       0x13 libbb/lib.a(xfuncs_printf.o)
                0x000000000000aa6c                die_if_ferror_stdout
 .text.fflush_all
                0x000000000000aa7f        0x7 libbb/lib.a(xfuncs_printf.o)
                0x000000000000aa7f                fflush_all
 .text.bb_putchar
                0x000000000000aa86        0x5 libbb/lib.a(xfuncs_printf.o)
                0x000000000000aa86                bb_putchar
 .text.fputs_stdout
                0x000000000000aa8b        0xc libbb/lib.a(xfuncs_printf.o)
                0x000000000000aa8b                fputs_stdout
 .text.xasprintf
                0x000000000000aa97       0xd5 libbb/lib.a(xfuncs_printf.o)
                0x000000000000aa97                xasprintf
 .text.xsetenv  0x000000000000ab6c       0x16 libbb/lib.a(xfuncs_printf.o)
                0x000000000000ab6c                xsetenv
 .text.bb_unsetenv
                0x000000000000ab82       0x8d libbb/lib.a(xfuncs_printf.o)
                0x000000000000ab82                bb_unsetenv
 .text.bb_unsetenv_and_free
                0x000000000000ac0f       0x1c libbb/lib.a(xfuncs_printf.o)
                0x000000000000ac0f                bb_unsetenv_and_free
 .text.xsetgid  0x000000000000ac2b       0x18 libbb/lib.a(xfuncs_printf.o)
                0x000000000000ac2b                xsetgid
 .text.xsetuid  0x000000000000ac43       0x18 libbb/lib.a(xfuncs_printf.o)
                0x000000000000ac43                xsetuid
 .text.xchdir   0x000000000000ac5b       0x20 libbb/lib.a(xfuncs_printf.o)
                0x000000000000ac5b                xchdir
 .text.xfchdir  0x000000000000ac7b       0x18 libbb/lib.a(xfuncs_printf.o)
                0x000000000000ac7b                xfchdir
 .text.xchroot  0x000000000000ac93       0x2b libbb/lib.a(xfuncs_printf.o)
                0x000000000000ac93                xchroot
 .text.warn_opendir
                0x000000000000acbe       0x2b libbb/lib.a(xfuncs_printf.o)
                0x000000000000acbe                warn_opendir
 .text.xopendir
                0x000000000000ace9       0x1f libbb/lib.a(xfuncs_printf.o)
                0x000000000000ace9                xopendir
 .text.xsocket  0x000000000000ad08       0x18 libbb/lib.a(xfuncs_printf.o)
                0x000000000000ad08                xsocket
 .text.xbind    0x000000000000ad20       0x18 libbb/lib.a(xfuncs_printf.o)
                0x000000000000ad20                xbind
 .text.xlisten  0x000000000000ad38       0x18 libbb/lib.a(xfuncs_printf.o)
                0x000000000000ad38                xlisten
 .text.xsendto  0x000000000000ad50       0x22 libbb/lib.a(xfuncs_printf.o)
                0x000000000000ad50                xsendto
 .text.xstat    0x000000000000ad72       0x20 libbb/lib.a(xfuncs_printf.o)
                0x000000000000ad72                xstat
 .text.xfstat   0x000000000000ad92       0x17 libbb/lib.a(xfuncs_printf.o)
                0x000000000000ad92                xfstat
 .text.ioctl_or_perror_and_die
                0x000000000000ada9       0xd0 libbb/lib.a(xfuncs_printf.o)
                0x000000000000ada9                ioctl_or_perror_and_die
 .text.ioctl_or_perror
                0x000000000000ae79       0xd1 libbb/lib.a(xfuncs_printf.o)
                0x000000000000ae79                ioctl_or_perror
 .text.bb_ioctl_or_warn
                0x000000000000af4a       0x2b libbb/lib.a(xfuncs_printf.o)
                0x000000000000af4a                bb_ioctl_or_warn
 .text.bb_xioctl
                0x000000000000af75       0x1b libbb/lib.a(xfuncs_printf.o)
                0x000000000000af75                bb_xioctl
 .text.xmalloc_ttyname
                0x000000000000af90       0x5e libbb/lib.a(xfuncs_printf.o)
                0x000000000000af90                xmalloc_ttyname
 .text.xfork    0x000000000000afee       0x18 libbb/lib.a(xfuncs_printf.o)
                0x000000000000afee                xfork
 .text.wait_for_exitstatus
                0x000000000000b006       0x4e libbb/lib.a(xfuncs_printf.o)
                0x000000000000b006                wait_for_exitstatus
 .text.xvfork_parent_waits_and_exits
                0x000000000000b054       0x43 libbb/lib.a(xfuncs_printf.o)
                0x000000000000b054                xvfork_parent_waits_and_exits
 .text.xgettimeofday
                0x000000000000b097        0x7 libbb/lib.a(xfuncs_printf.o)
                0x000000000000b097                xgettimeofday
 .text.xmalloc_readlink
                0x000000000000b09e       0x54 libbb/lib.a(xreadlink.o)
                0x000000000000b09e                xmalloc_readlink
 .text.xmalloc_readlink_or_warn
                0x000000000000b0f2       0x48 libbb/lib.a(xreadlink.o)
                0x000000000000b0f2                xmalloc_readlink_or_warn
 .text.xmalloc_realpath
                0x000000000000b13a        0x7 libbb/lib.a(xreadlink.o)
                0x000000000000b13a                xmalloc_realpath
 .text.xmalloc_realpath_coreutils
                0x000000000000b141      0x169 libbb/lib.a(xreadlink.o)
                0x000000000000b141                xmalloc_realpath_coreutils
 .text.bb_full_fd_action
                0x000000000000b2aa      0x15f libbb/lib.a(copyfd.o)
 .text.bb_copyfd_size
                0x000000000000b409        0xd libbb/lib.a(copyfd.o)
                0x000000000000b409                bb_copyfd_size
 .text.bb_copyfd_exact_size
                0x000000000000b416       0x30 libbb/lib.a(copyfd.o)
                0x000000000000b416                bb_copyfd_exact_size
 .text.bb_copyfd_eof
                0x000000000000b446        0x7 libbb/lib.a(copyfd.o)
                0x000000000000b446                bb_copyfd_eof
 .text.full_write
                0x000000000000b44d       0x49 libbb/lib.a(full_write.o)
                0x000000000000b44d                full_write
 .text.safe_read
                0x000000000000b496       0x40 libbb/lib.a(read.o)
                0x000000000000b496                safe_read
 .text.full_read
                0x000000000000b4d6       0x4b libbb/lib.a(read.o)
                0x000000000000b4d6                full_read
 .text.read_close
                0x000000000000b521       0x23 libbb/lib.a(read.o)
                0x000000000000b521                read_close
 .text.open_read_close
                0x000000000000b544       0x36 libbb/lib.a(read.o)
                0x000000000000b544                open_read_close
 .text.safe_write
                0x000000000000b57a       0x40 libbb/lib.a(safe_write.o)
                0x000000000000b57a                safe_write
 .text.record_signo
                0x000000000000b5ba        0x8 libbb/lib.a(signals.o)
                0x000000000000b5ba                record_signo
 .text.sigaction_set
                0x000000000000b5c2        0x7 libbb/lib.a(signals.o)
                0x000000000000b5c2                sigaction_set
 .text.sigprocmask_allsigs
                0x000000000000b5c9       0x59 libbb/lib.a(signals.o)
                0x000000000000b5c9                sigprocmask_allsigs
 .text.sigprocmask2
                0x000000000000b622        0x8 libbb/lib.a(signals.o)
                0x000000000000b622                sigprocmask2
 .text.bb_signals
                0x000000000000b62a       0x38 libbb/lib.a(signals.o)
                0x000000000000b62a                bb_signals
 .text.sig_block
                0x000000000000b662       0x63 libbb/lib.a(signals.o)
                0x000000000000b662                sig_block
 .text.sig_unblock
                0x000000000000b6c5       0x66 libbb/lib.a(signals.o)
                0x000000000000b6c5                sig_unblock
 .text.wait_for_any_sig
                0x000000000000b72b       0x51 libbb/lib.a(signals.o)
                0x000000000000b72b                wait_for_any_sig
 .text.kill_myself_with_sig
                0x000000000000b77c       0x22 libbb/lib.a(signals.o)
                0x000000000000b77c                kill_myself_with_sig
 .text.signal_SA_RESTART_empty_mask
                0x000000000000b79e       0x67 libbb/lib.a(signals.o)
                0x000000000000b79e                signal_SA_RESTART_empty_mask
 .text.get_mono
                0x000000000000b805       0x20 libbb/lib.a(time.o)
 .text.strftime_HHMMSS
                0x000000000000b825       0x6f libbb/lib.a(time.o)
                0x000000000000b825                strftime_HHMMSS
 .text.monotonic_us
                0x000000000000b894       0x53 libbb/lib.a(time.o)
                0x000000000000b894                monotonic_us
 .text.monotonic_ms
                0x000000000000b8e7       0x53 libbb/lib.a(time.o)
                0x000000000000b8e7                monotonic_ms
 .text.monotonic_sec
                0x000000000000b93a       0x3c libbb/lib.a(time.o)
                0x000000000000b93a                monotonic_sec
 .text.xrealloc_getcwd_or_warn
                0x000000000000b976       0x79 libbb/lib.a(xgetcwd.o)
                0x000000000000b976                xrealloc_getcwd_or_warn
 .text.handle_errors.isra.0
                0x000000000000b9ef       0x3b libbb/lib.a(bb_strtonum.o)
 .text.bb_strtoull
                0x000000000000ba2a       0x7d libbb/lib.a(bb_strtonum.o)
                0x000000000000ba2a                bb_strtoull
 .text.bb_strtoll
                0x000000000000baa7       0x84 libbb/lib.a(bb_strtonum.o)
                0x000000000000baa7                bb_strtoll
 .text.bb_strtou
                0x000000000000bb2b       0x89 libbb/lib.a(bb_strtonum.o)
                0x000000000000bb2b                bb_strtou
 .text.bb_strtoi
                0x000000000000bbb4       0x96 libbb/lib.a(bb_strtonum.o)
                0x000000000000bbb4                bb_strtoi
 .text.cryptpw_main
                0x000000000000bc4a      0x124 loginutils/lib.a(cryptpw.o)
                0x000000000000bc4a                cryptpw_main
 .text.ascii_main
                0x000000000000bd6e       0xca miscutils/lib.a(ascii.o)
                0x000000000000bd6e                ascii_main
 .text.bc_vec_pop
                0x000000000000be38       0x22 miscutils/lib.a(bc.o)
 .text.bc_vec_npop
                0x000000000000be5a       0x39 miscutils/lib.a(bc.o)
 .text.bc_vec_pop_all
                0x000000000000be93        0x9 miscutils/lib.a(bc.o)
 .text.bc_vec_top
                0x000000000000be9c       0x10 miscutils/lib.a(bc.o)
 .text.xc_program_func
                0x000000000000beac       0x1a miscutils/lib.a(bc.o)
 .text.bc_program_current_func
                0x000000000000bec6       0x1b miscutils/lib.a(bc.o)
 .text.bc_num_one
                0x000000000000bee1       0x19 miscutils/lib.a(bc.o)
 .text.bc_num_subArrays
                0x000000000000befa       0x2e miscutils/lib.a(bc.o)
 .text.BC_NUM_MREQ
                0x000000000000bf28       0x2c miscutils/lib.a(bc.o)
 .text.bc_num_cmp
                0x000000000000bf54      0x107 miscutils/lib.a(bc.o)
 .text.bc_num_clean
                0x000000000000c05b       0x31 miscutils/lib.a(bc.o)
 .text.parse_lex_by_checking_eq_sign
                0x000000000000c08c       0x1e miscutils/lib.a(bc.o)
 .text.xc_program_reset
                0x000000000000c0aa       0x4b miscutils/lib.a(bc.o)
 .text.bc_parse_inst_isLeaf
                0x000000000000c0f5       0x18 miscutils/lib.a(bc.o)
 .text.rewrite_label_to_current
                0x000000000000c10d       0x1d miscutils/lib.a(bc.o)
 .text.xc_program_index
                0x000000000000c12a       0x4d miscutils/lib.a(bc.o)
 .text.bc_vec_init
                0x000000000000c177       0x2b miscutils/lib.a(bc.o)
 .text.bc_char_vec_init
                0x000000000000c1a2        0xc miscutils/lib.a(bc.o)
 .text.bc_func_init
                0x000000000000c1ae       0x69 miscutils/lib.a(bc.o)
 .text.bc_num_init
                0x000000000000c217       0x36 miscutils/lib.a(bc.o)
 .text.bc_num_init_DEF_SIZE
                0x000000000000c24d        0xa miscutils/lib.a(bc.o)
 .text.xc_parse_create
                0x000000000000c257       0x6c miscutils/lib.a(bc.o)
 .text.bc_num_free
                0x000000000000c2c3        0x8 miscutils/lib.a(bc.o)
 .text.bc_result_free
                0x000000000000c2cb       0x26 miscutils/lib.a(bc.o)
 .text.bc_vec_free
                0x000000000000c2f1       0x12 miscutils/lib.a(bc.o)
 .text.bc_func_free
                0x000000000000c303       0x31 miscutils/lib.a(bc.o)
 .text.bc_id_free
                0x000000000000c334        0x8 miscutils/lib.a(bc.o)
 .text.bc_string_free
                0x000000000000c33c        0x8 miscutils/lib.a(bc.o)
 .text.bc_map_find_ge
                0x000000000000c344       0x5a miscutils/lib.a(bc.o)
 .text.bc_num_truncate
                0x000000000000c39e       0x25 miscutils/lib.a(bc.o)
 .text.bc_vec_grow
                0x000000000000c3c3       0x38 miscutils/lib.a(bc.o)
 .text.bc_vec_npush
                0x000000000000c3fb       0x4e miscutils/lib.a(bc.o)
 .text.bc_vec_push
                0x000000000000c449        0xd miscutils/lib.a(bc.o)
 .text.bc_array_expand
                0x000000000000c456       0x83 miscutils/lib.a(bc.o)
 .text.bc_array_init
                0x000000000000c4d9       0x32 miscutils/lib.a(bc.o)
 .text.bc_vec_expand
                0x000000000000c50b       0x2b miscutils/lib.a(bc.o)
 .text.bc_num_expand
                0x000000000000c536       0x32 miscutils/lib.a(bc.o)
 .text.bc_num_ulong2num
                0x000000000000c568       0x54 miscutils/lib.a(bc.o)
 .text.bc_num_extend
                0x000000000000c5bc       0x47 miscutils/lib.a(bc.o)
 .text.bc_num_retireMul
                0x000000000000c603       0x45 miscutils/lib.a(bc.o)
 .text.bc_args  0x000000000000c648       0x9c miscutils/lib.a(bc.o)
 .text.bc_verror_msg
                0x000000000000c6e4       0x72 miscutils/lib.a(bc.o)
 .text.zbc_posix_error_fmt
                0x000000000000c756       0xeb miscutils/lib.a(bc.o)
 .text.bc_error_fmt
                0x000000000000c841       0xd7 miscutils/lib.a(bc.o)
 .text.bc_error
                0x000000000000c918       0x11 miscutils/lib.a(bc.o)
 .text.zbc_func_insert
                0x000000000000c929       0xc1 miscutils/lib.a(bc.o)
 .text.zbc_num_shift
                0x000000000000c9ea       0x60 miscutils/lib.a(bc.o)
 .text.zbc_num_ulong_abs
                0x000000000000ca4a       0x44 miscutils/lib.a(bc.o)
 .text.zbc_num_ulong
                0x000000000000ca8e       0x17 miscutils/lib.a(bc.o)
 .text.bad_input_byte
                0x000000000000caa5       0x3e miscutils/lib.a(bc.o)
 .text.bc_error_bad_character
                0x000000000000cae3       0x23 miscutils/lib.a(bc.o)
 .text.xc_parse_pushName
                0x000000000000cb06       0x48 miscutils/lib.a(bc.o)
 .text.bc_num_copy
                0x000000000000cb4e       0x3e miscutils/lib.a(bc.o)
 .text.zbc_num_a
                0x000000000000cb8c      0x165 miscutils/lib.a(bc.o)
 .text.zbc_num_s
                0x000000000000ccf1      0x106 miscutils/lib.a(bc.o)
 .text.bc_num_init_and_copy
                0x000000000000cdf7       0x28 miscutils/lib.a(bc.o)
 .text.bc_num_split
                0x000000000000ce1f       0x74 miscutils/lib.a(bc.o)
 .text.zbc_num_binary
                0x000000000000ce93       0xc7 miscutils/lib.a(bc.o)
 .text.zbc_num_mul
                0x000000000000cf5a       0x39 miscutils/lib.a(bc.o)
 .text.zbc_num_sub
                0x000000000000cf93       0x4b miscutils/lib.a(bc.o)
 .text.zbc_num_div
                0x000000000000cfde       0x39 miscutils/lib.a(bc.o)
 .text.zbc_num_mod
                0x000000000000d017       0x39 miscutils/lib.a(bc.o)
 .text.zbc_num_pow
                0x000000000000d050       0x18 miscutils/lib.a(bc.o)
 .text.fflush_and_check
                0x000000000000d068       0x34 miscutils/lib.a(bc.o)
 .text.quit     0x000000000000d09c       0x29 miscutils/lib.a(bc.o)
 .text.bc_error_at
                0x000000000000d0c5       0x54 miscutils/lib.a(bc.o)
 .text.bc_error_bad_expression
                0x000000000000d119        0xc miscutils/lib.a(bc.o)
 .text.bc_error_bad_token
                0x000000000000d125        0xc miscutils/lib.a(bc.o)
 .text.bc_num_printNewline
                0x000000000000d131       0x3a miscutils/lib.a(bc.o)
 .text.bc_num_printHex
                0x000000000000d16b       0x4d miscutils/lib.a(bc.o)
 .text.bc_num_printDigits
                0x000000000000d1b8       0xa1 miscutils/lib.a(bc.o)
 .text.xc_program_dereference.isra.0
                0x000000000000d259       0x78 miscutils/lib.a(bc.o)
 .text.bc_vec_pushZeroByte.isra.0
                0x000000000000d2d1        0xc miscutils/lib.a(bc.o)
 .text.bc_vec_string
                0x000000000000d2dd       0x39 miscutils/lib.a(bc.o)
 .text.bc_result_pop_and_push.isra.0
                0x000000000000d316       0x4f miscutils/lib.a(bc.o)
 .text.xc_program_binOpRetire
                0x000000000000d365       0x24 miscutils/lib.a(bc.o)
 .text.bc_vec_pushIndex
                0x000000000000d389       0x9d miscutils/lib.a(bc.o)
 .text.xc_parse_push
                0x000000000000d426       0x47 miscutils/lib.a(bc.o)
 .text.xc_parse_pushInst_and_Index
                0x000000000000d46d       0x27 miscutils/lib.a(bc.o)
 .text.xc_parse_pushNUM
                0x000000000000d494       0x64 miscutils/lib.a(bc.o)
 .text.bc_parse_operator
                0x000000000000d4f8       0xc8 miscutils/lib.a(bc.o)
 .text.xc_read_line
                0x000000000000d5c0      0x1c9 miscutils/lib.a(bc.o)
 .text.peek_inbuf
                0x000000000000d789       0x49 miscutils/lib.a(bc.o)
 .text.zxc_lex_number
                0x000000000000d7d2       0xf8 miscutils/lib.a(bc.o)
 .text.zbc_num_p
                0x000000000000d8ca      0x28d miscutils/lib.a(bc.o)
 .text.zbc_num_add
                0x000000000000db57       0x48 miscutils/lib.a(bc.o)
 .text.zbc_num_k
                0x000000000000db9f      0x432 miscutils/lib.a(bc.o)
 .text.zbc_num_m
                0x000000000000dfd1      0x151 miscutils/lib.a(bc.o)
 .text.zbc_num_sqrt
                0x000000000000e122      0x343 miscutils/lib.a(bc.o)
 .text.zbc_num_d
                0x000000000000e465      0x2a7 miscutils/lib.a(bc.o)
 .text.zbc_num_r
                0x000000000000e70c      0x15a miscutils/lib.a(bc.o)
 .text.zbc_num_rem
                0x000000000000e866       0x9c miscutils/lib.a(bc.o)
 .text.bc_map_insert
                0x000000000000e902       0xab miscutils/lib.a(bc.o)
 .text.bc_program_addFunc
                0x000000000000e9ad       0xed miscutils/lib.a(bc.o)
 .text.xc_program_search
                0x000000000000ea9a       0xdd miscutils/lib.a(bc.o)
 .text.zxc_program_num
                0x000000000000eb77      0x4cf miscutils/lib.a(bc.o)
 .text.bc_map_find_exact
                0x000000000000f046       0x4a miscutils/lib.a(bc.o)
 .text.zxc_num_printNum.constprop.0
                0x000000000000f090      0x313 miscutils/lib.a(bc.o)
 .text.zxc_lex_next
                0x000000000000f3a3      0x4fb miscutils/lib.a(bc.o)
 .text.zxc_parse_text_init
                0x000000000000f89e       0x27 miscutils/lib.a(bc.o)
 .text.zbc_parse_pushSTR
                0x000000000000f8c5       0x6e miscutils/lib.a(bc.o)
 .text.zxc_program_prep
                0x000000000000f933       0x71 miscutils/lib.a(bc.o)
 .text.zxc_program_binOpPrep
                0x000000000000f9a4      0x117 miscutils/lib.a(bc.o)
 .text.zxc_program_assign
                0x000000000000fabb      0x1c1 miscutils/lib.a(bc.o)
 .text.zbc_parse_expr
                0x000000000000fc7c      0x735 miscutils/lib.a(bc.o)
 .text.zbc_parse_name
                0x00000000000103b1      0x22f miscutils/lib.a(bc.o)
 .text.zbc_parse_stmt_possibly_auto
                0x00000000000105e0      0x76c miscutils/lib.a(bc.o)
 .text.zbc_parse_stmt_allow_NLINE_before
                0x0000000000010d4c       0x4d miscutils/lib.a(bc.o)
 .text.zxc_vm_process
                0x0000000000010d99     0x1311 miscutils/lib.a(bc.o)
 .text.zxc_vm_execute_FILE
                0x00000000000120aa       0x4c miscutils/lib.a(bc.o)
 .text.bc_main  0x00000000000120f6      0x354 miscutils/lib.a(bc.o)
                0x00000000000120f6                bc_main
 .text.format_line
                0x000000000001244a      0x120 miscutils/lib.a(hexedit.o)
 .text.redraw_cur_line
                0x000000000001256a       0x7d miscutils/lib.a(hexedit.o)
 .text.redraw   0x00000000000125e7      0x11e miscutils/lib.a(hexedit.o)
 .text.restore_term
                0x0000000000012705       0x25 miscutils/lib.a(hexedit.o)
 .text.sig_catcher
                0x000000000001272a       0x2b miscutils/lib.a(hexedit.o)
 .text.remap    0x0000000000012755       0x8b miscutils/lib.a(hexedit.o)
 .text.move_mapping_further
                0x00000000000127e0       0x58 miscutils/lib.a(hexedit.o)
 .text.move_mapping_lower
                0x0000000000012838       0x42 miscutils/lib.a(hexedit.o)
 .text.hexedit_main
                0x000000000001287a      0x48d miscutils/lib.a(hexedit.o)
                0x000000000001287a                hexedit_main
 .text.i2ctransfer_main
                0x0000000000012d07      0x42b miscutils/lib.a(i2c_tools.o)
                0x0000000000012d07                i2ctransfer_main
 .text.at_end   0x0000000000013132       0x40 miscutils/lib.a(less.o)
 .text.safe_lineno
                0x0000000000013172       0x28 miscutils/lib.a(less.o)
 .text.opp_bracket
                0x000000000001319a       0x43 miscutils/lib.a(less.o)
 .text.set_tty_cooked
                0x00000000000131dd       0x1c miscutils/lib.a(less.o)
 .text.clear_line
                0x00000000000131f9       0x1b miscutils/lib.a(less.o)
 .text.less_exit
                0x0000000000013214       0x36 miscutils/lib.a(less.o)
 .text.sig_catcher
                0x000000000001324a        0x8 miscutils/lib.a(less.o)
 .text.print_statusline
                0x0000000000013252       0x27 miscutils/lib.a(less.o)
 .text.read_lines
                0x0000000000013279      0x311 miscutils/lib.a(less.o)
 .text.goto_lineno
                0x000000000001358a       0x6d miscutils/lib.a(less.o)
 .text.cap_cur_fline
                0x00000000000135f7       0x5b miscutils/lib.a(less.o)
 .text.update_num_lines
                0x0000000000013652      0x104 miscutils/lib.a(less.o)
 .text.m_status_print
                0x0000000000013756      0x11c miscutils/lib.a(less.o)
 .text.status_print
                0x0000000000013872       0x73 miscutils/lib.a(less.o)
 .text.buffer_print
                0x00000000000138e5      0x1ae miscutils/lib.a(less.o)
 .text.buffer_fill_and_print
                0x0000000000013a93       0xb0 miscutils/lib.a(less.o)
 .text.reinitialize
                0x0000000000013b43       0x9e miscutils/lib.a(less.o)
 .text.change_file
                0x0000000000013be1       0x65 miscutils/lib.a(less.o)
 .text.buffer_down
                0x0000000000013c46       0x3a miscutils/lib.a(less.o)
 .text.buffer_up
                0x0000000000013c80       0x41 miscutils/lib.a(less.o)
 .text.buffer_to_line
                0x0000000000013cc1       0x36 miscutils/lib.a(less.o)
 .text.getch_nowait
                0x0000000000013cf7      0x10d miscutils/lib.a(less.o)
 .text.less_getch
                0x0000000000013e04       0x34 miscutils/lib.a(less.o)
 .text.less_gets
                0x0000000000013e38       0xb3 miscutils/lib.a(less.o)
 .text.examine_file
                0x0000000000013eeb       0x81 miscutils/lib.a(less.o)
 .text.less_main
                0x0000000000013f6c      0x660 miscutils/lib.a(less.o)
                0x0000000000013f6c                less_main
 .text.get_line
                0x00000000000145cc       0x37 miscutils/lib.a(lsscsi.o)
 .text.lsscsi_main
                0x0000000000014603      0x19d miscutils/lib.a(lsscsi.o)
                0x0000000000014603                lsscsi_main
 .text.partprobe_main
                0x00000000000147a0       0x66 miscutils/lib.a(partprobe.o)
                0x00000000000147a0                partprobe_main
 .text.setfattr_main
                0x0000000000014806      0x103 miscutils/lib.a(setfattr.o)
                0x0000000000014806                setfattr_main
 .text.strings_main
                0x0000000000014909      0x1e4 miscutils/lib.a(strings.o)
                0x0000000000014909                strings_main
 .text.ts_main  0x0000000000014aed      0x1d7 miscutils/lib.a(ts.o)
                0x0000000000014aed                ts_main
 .text.ifconfig_main
                0x0000000000014cc4      0x4a7 networking/lib.a(ifconfig.o)
                0x0000000000014cc4                ifconfig_main
 .text.UNSPEC_print
                0x000000000001516b       0x5c networking/lib.a(interface.o)
 .text.UNSPEC_sprint
                0x00000000000151c7       0x1c networking/lib.a(interface.o)
 .text.INET6_input
                0x00000000000151e3        0x5 networking/lib.a(interface.o)
 .text.INET6_sprint
                0x00000000000151e8       0x22 networking/lib.a(interface.o)
 .text.INET_input
                0x000000000001520a        0x7 networking/lib.a(interface.o)
 .text.INET_sprint
                0x0000000000015211       0x27 networking/lib.a(interface.o)
 .text.ether_print
                0x0000000000015238       0x38 networking/lib.a(interface.o)
 .text.add_interface
                0x0000000000015270       0x7d networking/lib.a(interface.o)
 .text.print_bytes_scaled
                0x00000000000152ed       0x48 networking/lib.a(interface.o)
 .text.if_readlist_proc.constprop.0
                0x0000000000015335      0x26a networking/lib.a(interface.o)
 .text.get_hwntype
                0x000000000001559f       0x1b networking/lib.a(interface.o)
                0x000000000001559f                get_hwntype
 .text.do_if_print
                0x00000000000155ba      0x8b4 networking/lib.a(interface.o)
 .text.display_interfaces
                0x0000000000015e6e      0x155 networking/lib.a(interface.o)
                0x0000000000015e6e                display_interfaces
 .text.ip_do    0x0000000000015fc3       0x16 networking/lib.a(ip.o)
 .text.ip_print_help
                0x0000000000015fd9        0x6 networking/lib.a(ip.o)
 .text.ipaddr_main
                0x0000000000015fdf        0xc networking/lib.a(ip.o)
                0x0000000000015fdf                ipaddr_main
 .text.iplink_main
                0x0000000000015feb        0xc networking/lib.a(ip.o)
                0x0000000000015feb                iplink_main
 .text.iproute_main
                0x0000000000015ff7        0xc networking/lib.a(ip.o)
                0x0000000000015ff7                iproute_main
 .text.iprule_main
                0x0000000000016003        0xc networking/lib.a(ip.o)
                0x0000000000016003                iprule_main
 .text.iptunnel_main
                0x000000000001600f        0xc networking/lib.a(ip.o)
                0x000000000001600f                iptunnel_main
 .text.ipneigh_main
                0x000000000001601b        0xc networking/lib.a(ip.o)
                0x000000000001601b                ipneigh_main
 .text.ip_main  0x0000000000016027       0x3d networking/lib.a(ip.o)
                0x0000000000016027                ip_main
 .text.timeout  0x0000000000016064        0xd networking/lib.a(nc.o)
 .text.nc_main  0x0000000000016071      0x40e networking/lib.a(nc.o)
                0x0000000000016071                nc_main
 .text.prg_cache_get
                0x000000000001647f       0x36 networking/lib.a(netstat.o)
 .text.unix_do_one
                0x00000000000164b5      0x29b networking/lib.a(netstat.o)
 .text.build_ipv6_addr
                0x0000000000016750       0x8a networking/lib.a(netstat.o)
 .text.ip_port_str
                0x00000000000167da       0xaa networking/lib.a(netstat.o)
 .text.print_inet_line
                0x0000000000016884       0xe2 networking/lib.a(netstat.o)
 .text.dir_act  0x0000000000016966      0x105 networking/lib.a(netstat.o)
 .text.add_to_prg_cache_if_socket
                0x0000000000016a6b      0x12c networking/lib.a(netstat.o)
 .text.do_info  0x0000000000016b97       0x9c networking/lib.a(netstat.o)
 .text.scan_inet_proc_line
                0x0000000000016c33       0xf0 networking/lib.a(netstat.o)
 .text.raw_do_one
                0x0000000000016d23       0xa3 networking/lib.a(netstat.o)
 .text.udp_do_one
                0x0000000000016dc6       0xbc networking/lib.a(netstat.o)
 .text.tcp_do_one
                0x0000000000016e82       0x7c networking/lib.a(netstat.o)
 .text.netstat_main
                0x0000000000016efe      0x251 networking/lib.a(netstat.o)
                0x0000000000016efe                netstat_main
 .text.set_default_dns
                0x000000000001714f       0x54 networking/lib.a(nslookup.o)
 .text.print_host
                0x00000000000171a3      0x110 networking/lib.a(nslookup.o)
 .text.nslookup_main
                0x00000000000172b3       0x77 networking/lib.a(nslookup.o)
                0x00000000000172b3                nslookup_main
 .text.unpack_tail
                0x000000000001732a      0x10e networking/lib.a(ping.o)
 .text.print_stats_and_exit
                0x0000000000017438      0x104 networking/lib.a(ping.o)
 .text.sendping_tail.constprop.0
                0x000000000001753c      0x164 networking/lib.a(ping.o)
 .text.sendping4
                0x00000000000176a0       0x6d networking/lib.a(ping.o)
 .text.sendping6
                0x000000000001770d       0x53 networking/lib.a(ping.o)
 .text.common_ping_main.isra.0
                0x0000000000017760      0x87c networking/lib.a(ping.o)
 .text.ping_main
                0x0000000000017fdc        0x8 networking/lib.a(ping.o)
                0x0000000000017fdc                ping_main
 .text.ping6_main